Archive member included to satisfy reference by file (symbol)

../ST_API/bin\ST_RETRIEVER_LIB_CM0+_GCC.a(retriever_api.o)
                              ST_API/src/mcu_api_stm32.o (enc_utils_encrypt)
../Sigfox_libs/bin\SFX_LIB_MON_CortexM0+.a(sigfox_api.o)
                              Core/Src/ST_Sigfox_Init.o (SIGFOX_API_open)
../Sigfox_libs/bin\SFX_LIB_MON_CortexM0+.a(sigfox_internal.o)
                              ../Sigfox_libs/bin\SFX_LIB_MON_CortexM0+.a(sigfox_api.o) (RETURN_CODE)
../Sigfox_libs/bin\SFX_LIB_MON_CortexM0+.a(sigfox_pn.o)
                              ../Sigfox_libs/bin\SFX_LIB_MON_CortexM0+.a(sigfox_internal.o) (SIGFOX_PN_next_pn)
../Sigfox_libs/bin\SFX_LIB_MON_CortexM0+.a(sigfox_scramb.o)
                              ../Sigfox_libs/bin\SFX_LIB_MON_CortexM0+.a(sigfox_internal.o) (SIGFOX_SCRAMB_compute)
../Sigfox_libs/bin\SFX_LIB_MON_CortexM0+.a(sigfox_crc.o)
                              ../Sigfox_libs/bin\SFX_LIB_MON_CortexM0+.a(sigfox_internal.o) (SIGFOX_CRC_crc16)
../Sigfox_libs/bin\SFX_LIB_MON_CortexM0+.a(sigfox_decode.o)
                              ../Sigfox_libs/bin\SFX_LIB_MON_CortexM0+.a(sigfox_internal.o) (SIGFOX_DECODE_decode_frame)
../Sigfox_libs/bin\SFX_LIB_MON_CortexM0+.a(sigfox_hmac.o)
                              ../Sigfox_libs/bin\SFX_LIB_MON_CortexM0+.a(sigfox_internal.o) (SIGFOX_HMAC_compute_aes)
c:/st/stm32cubeide_1.6.1/stm32cubeide/plugins/com.st.stm32cube.ide.mcu.externaltools.gnu-tools-for-stm32.9-2020-q2-update.win32_1.5.0.202011040924/tools/bin/../lib/gcc/arm-none-eabi/9.3.1/../../../../arm-none-eabi/lib/thumb/v6-m/nofp\libc_nano.a(lib_a-aeabi_memclr.o)
                              ../ST_API/bin\ST_RETRIEVER_LIB_CM0+_GCC.a(retriever_api.o) (__aeabi_memclr)
c:/st/stm32cubeide_1.6.1/stm32cubeide/plugins/com.st.stm32cube.ide.mcu.externaltools.gnu-tools-for-stm32.9-2020-q2-update.win32_1.5.0.202011040924/tools/bin/../lib/gcc/arm-none-eabi/9.3.1/../../../../arm-none-eabi/lib/thumb/v6-m/nofp\libc_nano.a(lib_a-aeabi_memcpy.o)
                              ../ST_API/bin\ST_RETRIEVER_LIB_CM0+_GCC.a(retriever_api.o) (__aeabi_memcpy)
c:/st/stm32cubeide_1.6.1/stm32cubeide/plugins/com.st.stm32cube.ide.mcu.externaltools.gnu-tools-for-stm32.9-2020-q2-update.win32_1.5.0.202011040924/tools/bin/../lib/gcc/arm-none-eabi/9.3.1/../../../../arm-none-eabi/lib/thumb/v6-m/nofp\libc_nano.a(lib_a-aeabi_memset.o)
                              c:/st/stm32cubeide_1.6.1/stm32cubeide/plugins/com.st.stm32cube.ide.mcu.externaltools.gnu-tools-for-stm32.9-2020-q2-update.win32_1.5.0.202011040924/tools/bin/../lib/gcc/arm-none-eabi/9.3.1/../../../../arm-none-eabi/lib/thumb/v6-m/nofp\libc_nano.a(lib_a-aeabi_memclr.o) (__aeabi_memset)
c:/st/stm32cubeide_1.6.1/stm32cubeide/plugins/com.st.stm32cube.ide.mcu.externaltools.gnu-tools-for-stm32.9-2020-q2-update.win32_1.5.0.202011040924/tools/bin/../lib/gcc/arm-none-eabi/9.3.1/../../../../arm-none-eabi/lib/thumb/v6-m/nofp\libc_nano.a(lib_a-errno.o)
                              Core/Src/syscalls.o (__errno)
c:/st/stm32cubeide_1.6.1/stm32cubeide/plugins/com.st.stm32cube.ide.mcu.externaltools.gnu-tools-for-stm32.9-2020-q2-update.win32_1.5.0.202011040924/tools/bin/../lib/gcc/arm-none-eabi/9.3.1/../../../../arm-none-eabi/lib/thumb/v6-m/nofp\libc_nano.a(lib_a-exit.o)
                              c:/st/stm32cubeide_1.6.1/stm32cubeide/plugins/com.st.stm32cube.ide.mcu.externaltools.gnu-tools-for-stm32.9-2020-q2-update.win32_1.5.0.202011040924/tools/bin/../lib/gcc/arm-none-eabi/9.3.1/../../../../arm-none-eabi/lib/thumb/v6-m/nofp/crt0.o (exit)
c:/st/stm32cubeide_1.6.1/stm32cubeide/plugins/com.st.stm32cube.ide.mcu.externaltools.gnu-tools-for-stm32.9-2020-q2-update.win32_1.5.0.202011040924/tools/bin/../lib/gcc/arm-none-eabi/9.3.1/../../../../arm-none-eabi/lib/thumb/v6-m/nofp\libc_nano.a(lib_a-impure.o)
                              c:/st/stm32cubeide_1.6.1/stm32cubeide/plugins/com.st.stm32cube.ide.mcu.externaltools.gnu-tools-for-stm32.9-2020-q2-update.win32_1.5.0.202011040924/tools/bin/../lib/gcc/arm-none-eabi/9.3.1/../../../../arm-none-eabi/lib/thumb/v6-m/nofp\libc_nano.a(lib_a-exit.o) (_global_impure_ptr)
c:/st/stm32cubeide_1.6.1/stm32cubeide/plugins/com.st.stm32cube.ide.mcu.externaltools.gnu-tools-for-stm32.9-2020-q2-update.win32_1.5.0.202011040924/tools/bin/../lib/gcc/arm-none-eabi/9.3.1/../../../../arm-none-eabi/lib/thumb/v6-m/nofp\libc_nano.a(lib_a-init.o)
                              c:/st/stm32cubeide_1.6.1/stm32cubeide/plugins/com.st.stm32cube.ide.mcu.externaltools.gnu-tools-for-stm32.9-2020-q2-update.win32_1.5.0.202011040924/tools/bin/../lib/gcc/arm-none-eabi/9.3.1/../../../../arm-none-eabi/lib/thumb/v6-m/nofp/crt0.o (__libc_init_array)
c:/st/stm32cubeide_1.6.1/stm32cubeide/plugins/com.st.stm32cube.ide.mcu.externaltools.gnu-tools-for-stm32.9-2020-q2-update.win32_1.5.0.202011040924/tools/bin/../lib/gcc/arm-none-eabi/9.3.1/../../../../arm-none-eabi/lib/thumb/v6-m/nofp\libc_nano.a(lib_a-memcpy-stub.o)
[...]
Memory Configuration

Name             Origin             Length             Attributes
RAM              0x0000000020000000 0x0000000000002000 xrw
ROM              0x0000000008000000 0x0000000000010000 xr
BLOCK_SIGFOXUSER_FLASH_DATA 0x0000000008080000 0x0000000000000800 xr
*default*        0x0000000000000000 0xffffffffffffffff

Linker script and memory map

LOAD c:/st/stm32cubeide_1.6.1/stm32cubeide/plugins/com.st.stm32cube.ide.mcu.externaltools.gnu-tools-for-stm32.9-2020-q2-update.win32_1.5.0.202011040924/tools/bin/../lib/gcc/arm-none-eabi/9.3.1/thumb/v6-m/nofp/crti.o
LOAD c:/st/stm32cubeide_1.6.1/stm32cubeide/plugins/com.st.stm32cube.ide.mcu.externaltools.gnu-tools-for-stm32.9-2020-q2-update.win32_1.5.0.202011040924/tools/bin/../lib/gcc/arm-none-eabi/9.3.1/thumb/v6-m/nofp/crtbegin.o
LOAD c:/st/stm32cubeide_1.6.1/stm32cubeide/plugins/com.st.stm32cube.ide.mcu.externaltools.gnu-tools-for-stm32.9-2020-q2-update.win32_1.5.0.202011040924/tools/bin/../lib/gcc/arm-none-eabi/9.3.1/../../../../arm-none-eabi/lib/thumb/v6-m/nofp/crt0.o
LOAD Core/Src/ST_Sigfox_Init.o
LOAD Core/Src/adc.o
LOAD Core/Src/dma.o
LOAD Core/Src/gpio.o
LOAD Core/Src/main.o
LOAD Core/Src/rtc.o
LOAD Core/Src/spi.o
LOAD Core/Src/stm32l0xx_hal_msp.o
LOAD Core/Src/stm32l0xx_it.o
LOAD Core/Src/syscalls.o
LOAD Core/Src/sysmem.o
LOAD Core/Src/system_stm32l0xx.o
LOAD Core/Src/tim.o
LOAD Core/Src/usart.o
LOAD Core/Startup/startup_stm32l052t8yx.o
LOAD Drivers/S2LP_Middleware/STM32/src/FEM/S2LP_AUX_FEM_AUTO.o
LOAD Drivers/S2LP_Middleware/STM32/src/S2LP_AUX_EEPROM.o
LOAD Drivers/S2LP_Middleware/STM32/src/S2LP_AUX_UTILS.o
LOAD Drivers/STM32L0xx_HAL_Driver/Src/stm32l0xx_hal.o
LOAD Drivers/STM32L0xx_HAL_Driver/Src/stm32l0xx_hal_adc.o
LOAD Drivers/STM32L0xx_HAL_Driver/Src/stm32l0xx_hal_adc_ex.o
LOAD Drivers/STM32L0xx_HAL_Driver/Src/stm32l0xx_hal_cortex.o
LOAD Drivers/STM32L0xx_HAL_Driver/Src/stm32l0xx_hal_dma.o
LOAD Drivers/STM32L0xx_HAL_Driver/Src/stm32l0xx_hal_flash.o
LOAD Drivers/STM32L0xx_HAL_Driver/Src/stm32l0xx_hal_flash_ex.o
LOAD Drivers/STM32L0xx_HAL_Driver/Src/stm32l0xx_hal_flash_ramfunc.o
LOAD Drivers/STM32L0xx_HAL_Driver/Src/stm32l0xx_hal_gpio.o
LOAD Drivers/STM32L0xx_HAL_Driver/Src/stm32l0xx_hal_i2c.o
LOAD Drivers/STM32L0xx_HAL_Driver/Src/stm32l0xx_hal_i2c_ex.o
LOAD Drivers/STM32L0xx_HAL_Driver/Src/stm32l0xx_hal_pwr.o
LOAD Drivers/STM32L0xx_HAL_Driver/Src/stm32l0xx_hal_pwr_ex.o
LOAD Drivers/STM32L0xx_HAL_Driver/Src/stm32l0xx_hal_rcc.o
LOAD Drivers/STM32L0xx_HAL_Driver/Src/stm32l0xx_hal_rcc_ex.o
LOAD Drivers/STM32L0xx_HAL_Driver/Src/stm32l0xx_hal_rtc.o
LOAD Drivers/STM32L0xx_HAL_Driver/Src/stm32l0xx_hal_rtc_ex.o
LOAD Drivers/STM32L0xx_HAL_Driver/Src/stm32l0xx_hal_spi.o
LOAD Drivers/STM32L0xx_HAL_Driver/Src/stm32l0xx_hal_tim.o
LOAD Drivers/STM32L0xx_HAL_Driver/Src/stm32l0xx_hal_tim_ex.o
LOAD Drivers/STM32L0xx_HAL_Driver/Src/stm32l0xx_hal_uart.o
LOAD Drivers/STM32L0xx_HAL_Driver/Src/stm32l0xx_hal_uart_ex.o
LOAD Drivers/Utils/STM32/src/SDK_UTILS_Flash.o
LOAD ST_API/src/mcu_api_stm32.o
LOAD ST_API/src/nvm_api.o
LOAD ST_API/src/rf_api.o
LOAD ../ST_API/bin\ST_RETRIEVER_LIB_CM0+_GCC.a
LOAD ../Sigfox_libs/bin\SFX_LIB_MON_CortexM0+.a
START GROUP
LOAD ../ST_API/bin\ST_RETRIEVER_LIB_CM0+_GCC.a
LOAD ../Sigfox_libs/bin\SFX_LIB_MON_CortexM0+.a
END GROUP
START GROUP
LOAD c:/st/stm32cubeide_1.6.1/stm32cubeide/plugins/com.st.stm32cube.ide.mcu.externaltools.gnu-tools-for-stm32.9-2020-q2-update.win32_1.5.0.202011040924/tools/bin/../lib/gcc/arm-none-eabi/9.3.1/../../../../arm-none-eabi/lib/thumb/v6-m/nofp\libc_nano.a
LOAD c:/st/stm32cubeide_1.6.1/stm32cubeide/plugins/com.st.stm32cube.ide.mcu.externaltools.gnu-tools-for-stm32.9-2020-q2-update.win32_1.5.0.202011040924/tools/bin/../lib/gcc/arm-none-eabi/9.3.1/../../../../arm-none-eabi/lib/thumb/v6-m/nofp\libm.a
END GROUP
START GROUP
LOAD c:/st/stm32cubeide_1.6.1/stm32cubeide/plugins/com.st.stm32cube.ide.mcu.externaltools.gnu-tools-for-stm32.9-2020-q2-update.win32_1.5.0.202011040924/tools/bin/../lib/gcc/arm-none-eabi/9.3.1/thumb/v6-m/nofp\libgcc.a
LOAD c:/st/stm32cubeide_1.6.1/stm32cubeide/plugins/com.st.stm32cube.ide.mcu.externaltools.gnu-tools-for-stm32.9-2020-q2-update.win32_1.5.0.202011040924/tools/bin/../lib/gcc/arm-none-eabi/9.3.1/../../../../arm-none-eabi/lib/thumb/v6-m/nofp\libc_nano.a
END GROUP
START GROUP
LOAD c:/st/stm32cubeide_1.6.1/stm32cubeide/plugins/com.st.stm32cube.ide.mcu.externaltools.gnu-tools-for-stm32.9-2020-q2-update.win32_1.5.0.202011040924/tools/bin/../lib/gcc/arm-none-eabi/9.3.1/thumb/v6-m/nofp\libgcc.a
LOAD c:/st/stm32cubeide_1.6.1/stm32cubeide/plugins/com.st.stm32cube.ide.mcu.externaltools.gnu-tools-for-stm32.9-2020-q2-update.win32_1.5.0.202011040924/tools/bin/../lib/gcc/arm-none-eabi/9.3.1/../../../../arm-none-eabi/lib/thumb/v6-m/nofp\libc_nano.a
LOAD c:/st/stm32cubeide_1.6.1/stm32cubeide/plugins/com.st.stm32cube.ide.mcu.externaltools.gnu-tools-for-stm32.9-2020-q2-update.win32_1.5.0.202011040924/tools/bin/../lib/gcc/arm-none-eabi/9.3.1/../../../../arm-none-eabi/lib/thumb/v6-m/nofp\libnosys.a
END GROUP
START GROUP
LOAD c:/st/stm32cubeide_1.6.1/stm32cubeide/plugins/com.st.stm32cube.ide.mcu.externaltools.gnu-tools-for-stm32.9-2020-q2-update.win32_1.5.0.202011040924/tools/bin/../lib/gcc/arm-none-eabi/9.3.1/thumb/v6-m/nofp\libgcc.a
LOAD c:/st/stm32cubeide_1.6.1/stm32cubeide/plugins/com.st.stm32cube.ide.mcu.externaltools.gnu-tools-for-stm32.9-2020-q2-update.win32_1.5.0.202011040924/tools/bin/../lib/gcc/arm-none-eabi/9.3.1/../../../../arm-none-eabi/lib/thumb/v6-m/nofp\libc_nano.a
LOAD c:/st/stm32cubeide_1.6.1/stm32cubeide/plugins/com.st.stm32cube.ide.mcu.externaltools.gnu-tools-for-stm32.9-2020-q2-update.win32_1.5.0.202011040924/tools/bin/../lib/gcc/arm-none-eabi/9.3.1/../../../../arm-none-eabi/lib/thumb/v6-m/nofp\libnosys.a
END GROUP
LOAD c:/st/stm32cubeide_1.6.1/stm32cubeide/plugins/com.st.stm32cube.ide.mcu.externaltools.gnu-tools-for-stm32.9-2020-q2-update.win32_1.5.0.202011040924/tools/bin/../lib/gcc/arm-none-eabi/9.3.1/thumb/v6-m/nofp/crtend.o
LOAD c:/st/stm32cubeide_1.6.1/stm32cubeide/plugins/com.st.stm32cube.ide.mcu.externaltools.gnu-tools-for-stm32.9-2020-q2-update.win32_1.5.0.202011040924/tools/bin/../lib/gcc/arm-none-eabi/9.3.1/thumb/v6-m/nofp/crtn.o
                0x0000000020002000                _estack = (ORIGIN (RAM) + LENGTH (RAM))
                0x0000000000000200                _Min_Heap_Size = 0x200
                0x0000000000000400                _Min_Stack_Size = 0x400

.isr_vector     0x0000000008000000       0xc0
                0x0000000008000000                . = ALIGN (0x4)
 *(.isr_vector)
 .isr_vector    0x0000000008000000       0xc0 Core/Startup/startup_stm32l052t8yx.o
                0x0000000008000000                g_pfnVectors
                0x00000000080000c0                . = ALIGN (0x4)

.noinit         0x0000000008080000      0x100 load address 0x0000000008081000
                0x0000000008080000                . = ALIGN (0x4)
 *(.noinit.sigfox_board_data)
 .noinit.sigfox_board_data
                0x0000000008080000       0x80 Drivers/Utils/STM32/src/SDK_UTILS_Flash.o
                0x0000000008080000                board_data
 *(.noinit.sigfox_nvm_data)
 .noinit.sigfox_nvm_data
                0x0000000008080080       0x80 Drivers/Utils/STM32/src/SDK_UTILS_Flash.o
                0x0000000008080080                nvm_data
 *(.noinit*)

.text           0x00000000080000c0     0x6378
                0x00000000080000c0                . = ALIGN (0x4)
 *(.text)
 .text          0x00000000080000c0       0x48 c:/st/stm32cubeide_1.6.1/stm32cubeide/plugins/com.st.stm32cube.ide.mcu.externaltools.gnu-tools-for-stm32.9-2020-q2-update.win32_1.5.0.202011040924/tools/bin/../lib/gcc/arm-none-eabi/9.3.1/thumb/v6-m/nofp/crtbegin.o
 .text          0x0000000008000108      0xbcc ../ST_API/bin\ST_RETRIEVER_LIB_CM0+_GCC.a(retriever_api.o)
                0x0000000008000776                AES128_CBC_encrypt
                0x000000000800083c                AES128_CBC_decrypt_internal
                0x0000000008000908                AES_CBC_decrypt_buffer
                0x0000000008000948                get_integrity_cksum
                0x0000000008000972                enc_utils_retrieve_data_from_flash
                0x0000000008000ad0                enc_utils_retrieve_data
                0x0000000008000c0e                enc_utils_encrypt
                0x0000000008000c2c                enc_utils_set_public_key
                0x0000000008000c4c                enc_utils_set_test_key
                0x0000000008000c6c                enc_utils_set_test_id
                0x0000000008000c74                enc_utils_get_id
                0x0000000008000c96                enc_utils_get_initial_pac
 .text          0x0000000008000cd4       0x14 c:/st/stm32cubeide_1.6.1/stm32cubeide/plugins/com.st.stm32cube.ide.mcu.externaltools.gnu-tools-for-stm32.9-2020-q2-update.win32_1.5.0.202011040924/tools/bin/../lib/gcc/arm-none-eabi/9.3.1/thumb/v6-m/nofp\libgcc.a(_thumb1_case_uqi.o)
                0x0000000008000cd4                __gnu_thumb1_case_uqi
 .text          0x0000000008000ce8       0x14 c:/st/stm32cubeide_1.6.1/stm32cubeide/plugins/com.st.stm32cube.ide.mcu.externaltools.gnu-tools-for-stm32.9-2020-q2-update.win32_1.5.0.202011040924/tools/bin/../lib/gcc/arm-none-eabi/9.3.1/thumb/v6-m/nofp\libgcc.a(_thumb1_case_shi.o)
                0x0000000008000ce8                __gnu_thumb1_case_shi
 .text          0x0000000008000cfc      0x114 c:/st/stm32cubeide_1.6.1/stm32cubeide/plugins/com.st.stm32cube.ide.mcu.externaltools.gnu-tools-for-stm32.9-2020-q2-update.win32_1.5.0.202011040924/tools/bin/../lib/gcc/arm-none-eabi/9.3.1/thumb/v6-m/nofp\libgcc.a(_udivsi3.o)
                0x0000000008000cfc                __aeabi_uidiv
                0x0000000008000cfc                __udivsi3
                0x0000000008000e08                __aeabi_uidivmod
 .text          0x0000000008000e10      0x1d4 c:/st/stm32cubeide_1.6.1/stm32cubeide/plugins/com.st.stm32cube.ide.mcu.externaltools.gnu-tools-for-stm32.9-2020-q2-update.win32_1.5.0.202011040924/tools/bin/../lib/gcc/arm-none-eabi/9.3.1/thumb/v6-m/nofp\libgcc.a(_divsi3.o)
                0x0000000008000e10                __divsi3
                0x0000000008000e10                __aeabi_idiv
                0x0000000008000fdc                __aeabi_idivmod
 .text          0x0000000008000fe4        0x4 c:/st/stm32cubeide_1.6.1/stm32cubeide/plugins/com.st.stm32cube.ide.mcu.externaltools.gnu-tools-for-stm32.9-2020-q2-update.win32_1.5.0.202011040924/tools/bin/../lib/gcc/arm-none-eabi/9.3.1/thumb/v6-m/nofp\libgcc.a(_dvmd_tls.o)
                0x0000000008000fe4                __aeabi_idiv0
                0x0000000008000fe4                __aeabi_ldiv0
 .text          0x0000000008000fe8       0x18 c:/st/stm32cubeide_1.6.1/stm32cubeide/plugins/com.st.stm32cube.ide.mcu.externaltools.gnu-tools-for-stm32.9-2020-q2-update.win32_1.5.0.202011040924/tools/bin/../lib/gcc/arm-none-eabi/9.3.1/thumb/v6-m/nofp\libgcc.a(_lshrdi3.o)
                0x0000000008000fe8                __lshrdi3
                0x0000000008000fe8                __aeabi_llsr
 .text          0x0000000008001000       0x40 c:/st/stm32cubeide_1.6.1/stm32cubeide/plugins/com.st.stm32cube.ide.mcu.externaltools.gnu-tools-for-stm32.9-2020-q2-update.win32_1.5.0.202011040924/tools/bin/../lib/gcc/arm-none-eabi/9.3.1/thumb/v6-m/nofp\libgcc.a(_aeabi_uldivmod.o)
                0x0000000008001000                __aeabi_uldivmod
 .text          0x0000000008001040      0x198 c:/st/stm32cubeide_1.6.1/stm32cubeide/plugins/com.st.stm32cube.ide.mcu.externaltools.gnu-tools-for-stm32.9-2020-q2-update.win32_1.5.0.202011040924/tools/bin/../lib/gcc/arm-none-eabi/9.3.1/thumb/v6-m/nofp\libgcc.a(_udivmoddi4.o)
                0x0000000008001040                __udivmoddi4
 .text          0x00000000080011d8      0x234 c:/st/stm32cubeide_1.6.1/stm32cubeide/plugins/com.st.stm32cube.ide.mcu.externaltools.gnu-tools-for-stm32.9-2020-q2-update.win32_1.5.0.202011040924/tools/bin/../lib/gcc/arm-none-eabi/9.3.1/thumb/v6-m/nofp\libgcc.a(mulsf3.o)
                0x00000000080011d8                __aeabi_fmul
 .text          0x000000000800140c       0x40 c:/st/stm32cubeide_1.6.1/stm32cubeide/plugins/com.st.stm32cube.ide.mcu.externaltools.gnu-tools-for-stm32.9-2020-q2-update.win32_1.5.0.202011040924/tools/bin/../lib/gcc/arm-none-eabi/9.3.1/thumb/v6-m/nofp\libgcc.a(fixsfsi.o)
                0x000000000800140c                __aeabi_f2iz
 .text          0x000000000800144c       0x8c c:/st/stm32cubeide_1.6.1/stm32cubeide/plugins/com.st.stm32cube.ide.mcu.externaltools.gnu-tools-for-stm32.9-2020-q2-update.win32_1.5.0.202011040924/tools/bin/../lib/gcc/arm-none-eabi/9.3.1/thumb/v6-m/nofp\libgcc.a(floatsisf.o)
                0x000000000800144c                __aeabi_i2f
 .text          0x00000000080014d8       0x3c c:/st/stm32cubeide_1.6.1/stm32cubeide/plugins/com.st.stm32cube.ide.mcu.externaltools.gnu-tools-for-stm32.9-2020-q2-update.win32_1.5.0.202011040924/tools/bin/../lib/gcc/arm-none-eabi/9.3.1/thumb/v6-m/nofp\libgcc.a(_clzsi2.o)
                0x00000000080014d8                __clzsi2
 .text          0x0000000008001514       0x18 c:/st/stm32cubeide_1.6.1/stm32cubeide/plugins/com.st.stm32cube.ide.mcu.externaltools.gnu-tools-for-stm32.9-2020-q2-update.win32_1.5.0.202011040924/tools/bin/../lib/gcc/arm-none-eabi/9.3.1/thumb/v6-m/nofp\libgcc.a(_clzdi2.o)
                0x0000000008001514                __clzdi2
 *(.text*)
 .text.ST_Sigfox_Init
                0x000000000800152c       0x34 Core/Src/ST_Sigfox_Init.o
                0x000000000800152c                ST_Sigfox_Init
 .text.MX_ADC_Init
                0x0000000008001560       0x90 Core/Src/adc.o
                0x0000000008001560                MX_ADC_Init
 .text.HAL_ADC_MspInit
                0x00000000080015f0       0x30 Core/Src/adc.o
                0x00000000080015f0                HAL_ADC_MspInit
 .text.MX_DMA_Init
                0x0000000008001620       0x38 Core/Src/dma.o
                0x0000000008001620                MX_DMA_Init
 .text.MX_GPIO_Init
                0x0000000008001658       0xcc Core/Src/gpio.o
                0x0000000008001658                MX_GPIO_Init
 .text.S2LPShutdownEnter
                0x0000000008001724       0x14 Core/Src/gpio.o
                0x0000000008001724                S2LPShutdownEnter
 .text.S2LPShutdownInit
                0x0000000008001738       0x40 Core/Src/gpio.o
                0x0000000008001738                S2LPShutdownInit
 .text.S2LPShutdownExit
                0x0000000008001778       0x2c Core/Src/gpio.o
                0x0000000008001778                S2LPShutdownExit
 .text.S2LPIRQInit
                0x00000000080017a4       0x58 Core/Src/gpio.o
                0x00000000080017a4                S2LPIRQInit
 .text.S2LPIRQEnable
                0x00000000080017fc       0x60 Core/Src/gpio.o
                0x00000000080017fc                S2LPIRQEnable
 .text.ST_MCU_API_GpioIRQ
                0x000000000800185c       0x14 Core/Src/gpio.o
                0x000000000800185c                ST_MCU_API_GpioIRQ
 .text.HAL_GPIO_EXTI_Callback
                0x0000000008001870       0x28 Core/Src/gpio.o
                0x0000000008001870                HAL_GPIO_EXTI_Callback
 .text.Set_Pin_Output
                0x0000000008001898       0x24 Core/Src/gpio.o
                0x0000000008001898                Set_Pin_Output
 .text.Set_Pin_Input
                0x00000000080018bc       0x28 Core/Src/gpio.o
                0x00000000080018bc                Set_Pin_Input
 .text.SystemClock_Config
                0x00000000080018e4       0x7c Core/Src/main.o
                0x00000000080018e4                SystemClock_Config
 .text.ST_Init  0x0000000008001960       0x16 Core/Src/main.o
                0x0000000008001960                ST_Init
 *fill*         0x0000000008001976        0x2 
 .text.mcuConfig
                0x0000000008001978       0xac Core/Src/main.o
                0x0000000008001978                mcuConfig
 .text.Error_Handler
                0x0000000008001a24        0x2 Core/Src/main.o
                0x0000000008001a24                Error_Handler
 *fill*         0x0000000008001a26        0x2 
 .text.delay    0x0000000008001a28       0x14 Core/Src/main.o
                0x0000000008001a28                delay
 .text.DS18B20_Start
                0x0000000008001a3c       0x54 Core/Src/main.o
                0x0000000008001a3c                DS18B20_Start
 .text.DS18B20_Write
                0x0000000008001a90       0x78 Core/Src/main.o
                0x0000000008001a90                DS18B20_Write
 .text.DS18B20_Read
                0x0000000008001b08       0x5c Core/Src/main.o
                0x0000000008001b08                DS18B20_Read
 .text.startup.main
                0x0000000008001b64       0xec Core/Src/main.o
                0x0000000008001b64                main
 .text.MX_RTC_Init
                0x0000000008001c50       0x90 Core/Src/rtc.o
                0x0000000008001c50                MX_RTC_Init
 .text.HAL_RTC_MspInit
                0x0000000008001ce0       0x30 Core/Src/rtc.o
                0x0000000008001ce0                HAL_RTC_MspInit
 .text.Configure_RTC_Clock
                0x0000000008001d10       0x50 Core/Src/rtc.o
                0x0000000008001d10                Configure_RTC_Clock
 .text.setRtcInUseFlag
                0x0000000008001d60        0xc Core/Src/rtc.o
                0x0000000008001d60                setRtcInUseFlag
 .text.setRtcIrqFlag
                0x0000000008001d6c        0xc Core/Src/rtc.o
                0x0000000008001d6c                setRtcIrqFlag
 .text.setRtcInUseForCsFlag
                0x0000000008001d78        0xc Core/Src/rtc.o
                0x0000000008001d78                setRtcInUseForCsFlag
 .text.setNextRtcWakeUpFlag
                0x0000000008001d84        0xc Core/Src/rtc.o
                0x0000000008001d84                setNextRtcWakeUpFlag
 .text.setRtcPrescFlag
                0x0000000008001d90        0xc Core/Src/rtc.o
                0x0000000008001d90                setRtcPrescFlag
 .text.getNextRtcWakeUpFlag
                0x0000000008001d9c        0xc Core/Src/rtc.o
                0x0000000008001d9c                getNextRtcWakeUpFlag
 .text.getRtcInUseForCsFlag
                0x0000000008001da8        0xc Core/Src/rtc.o
                0x0000000008001da8                getRtcInUseForCsFlag
 .text.getRtcIrqFlag
                0x0000000008001db4        0xc Core/Src/rtc.o
                0x0000000008001db4                getRtcIrqFlag
 .text.getRtcPrescFlag
                0x0000000008001dc0        0xc Core/Src/rtc.o
                0x0000000008001dc0                getRtcPrescFlag
 .text.getRtcHandler
                0x0000000008001dcc        0x8 Core/Src/rtc.o
                0x0000000008001dcc                getRtcHandler
 .text.MX_SPI1_Init
                0x0000000008001dd4       0x40 Core/Src/spi.o
                0x0000000008001dd4                MX_SPI1_Init
 .text.HAL_SPI_MspInit
                0x0000000008001e14       0xf4 Core/Src/spi.o
                0x0000000008001e14                HAL_SPI_MspInit
 .text.S2LPSpiWriteRegisters
                0x0000000008001f08       0xf8 Core/Src/spi.o
                0x0000000008001f08                S2LPSpiWriteRegisters
 .text.SdkEvalSpiRawTC
                0x0000000008002000        0x2 Core/Src/spi.o
                0x0000000008002000                SdkEvalSpiRawTC
 *fill*         0x0000000008002002        0x2 
 .text.S2LPSpiRaw
                0x0000000008002004      0x124 Core/Src/spi.o
                0x0000000008002004                S2LPSpiRaw
 .text.HAL_SPI_TxRxCpltCallback
                0x0000000008002128       0x28 Core/Src/spi.o
                0x0000000008002128                HAL_SPI_TxRxCpltCallback
 .text.ST_MCU_API_SpiRaw
                0x0000000008002150        0xa Core/Src/spi.o
                0x0000000008002150                ST_MCU_API_SpiRaw
 *fill*         0x000000000800215a        0x2 
 .text.S2LPGetSpiInUse
                0x000000000800215c        0xc Core/Src/spi.o
                0x000000000800215c                S2LPGetSpiInUse
 .text.HAL_MspInit
                0x0000000008002168       0x1c Core/Src/stm32l0xx_hal_msp.o
                0x0000000008002168                HAL_MspInit
 .text.NMI_Handler
                0x0000000008002184        0x2 Core/Src/stm32l0xx_it.o
                0x0000000008002184                NMI_Handler
 .text.HardFault_Handler
                0x0000000008002186        0x2 Core/Src/stm32l0xx_it.o
                0x0000000008002186                HardFault_Handler
 .text.SVC_Handler
                0x0000000008002188        0x2 Core/Src/stm32l0xx_it.o
                0x0000000008002188                SVC_Handler
 .text.PendSV_Handler
                0x000000000800218a        0x2 Core/Src/stm32l0xx_it.o
                0x000000000800218a                PendSV_Handler
 .text.SysTick_Handler
                0x000000000800218c        0x8 Core/Src/stm32l0xx_it.o
                0x000000000800218c                SysTick_Handler
 .text.RTC_IRQHandler
                0x0000000008002194       0x74 Core/Src/stm32l0xx_it.o
                0x0000000008002194                RTC_IRQHandler
 .text.EXTI2_3_IRQHandler
                0x0000000008002208        0xa Core/Src/stm32l0xx_it.o
                0x0000000008002208                EXTI2_3_IRQHandler
 .text.EXTI4_15_IRQHandler
                0x0000000008002212        0xa Core/Src/stm32l0xx_it.o
                0x0000000008002212                EXTI4_15_IRQHandler
 .text.DMA1_Channel2_3_IRQHandler
                0x000000000800221c       0x18 Core/Src/stm32l0xx_it.o
                0x000000000800221c                DMA1_Channel2_3_IRQHandler
 .text.DMA1_Channel4_5_6_7_IRQHandler
                0x0000000008002234       0x18 Core/Src/stm32l0xx_it.o
                0x0000000008002234                DMA1_Channel4_5_6_7_IRQHandler
 .text.ADC1_COMP_IRQHandler
                0x000000000800224c       0x10 Core/Src/stm32l0xx_it.o
                0x000000000800224c                ADC1_COMP_IRQHandler
 .text.TIM21_IRQHandler
                0x000000000800225c       0x10 Core/Src/stm32l0xx_it.o
                0x000000000800225c                TIM21_IRQHandler
 .text._read    0x000000000800226c       0x1a Core/Src/syscalls.o
                0x000000000800226c                _read
 .text._write   0x0000000008002286       0x1a Core/Src/syscalls.o
                0x0000000008002286                _write
 .text._close   0x00000000080022a0        0x6 Core/Src/syscalls.o
                0x00000000080022a0                _close
 .text._fstat   0x00000000080022a6        0xa Core/Src/syscalls.o
                0x00000000080022a6                _fstat
 .text._isatty  0x00000000080022b0        0x4 Core/Src/syscalls.o
                0x00000000080022b0                _isatty
 .text._lseek   0x00000000080022b4        0x4 Core/Src/syscalls.o
                0x00000000080022b4                _lseek
 .text._sbrk    0x00000000080022b8       0x34 Core/Src/sysmem.o
                0x00000000080022b8                _sbrk
 .text.SystemInit
                0x00000000080022ec       0x5c Core/Src/system_stm32l0xx.o
                0x00000000080022ec                SystemInit
 .text.MX_TIM2_Init
                0x0000000008002348       0x70 Core/Src/tim.o
                0x0000000008002348                MX_TIM2_Init
 .text.MX_TIM6_Init
                0x00000000080023b8       0x4c Core/Src/tim.o
                0x00000000080023b8                MX_TIM6_Init
 .text.MX_TIM21_Init
                0x0000000008002404       0x78 Core/Src/tim.o
                0x0000000008002404                MX_TIM21_Init
 .text.HAL_TIM_Base_MspInit
                0x000000000800247c       0x54 Core/Src/tim.o
                0x000000000800247c                HAL_TIM_Base_MspInit
 .text.SdkEvalTimersTimConfig
                0x00000000080024d0       0x68 Core/Src/tim.o
                0x00000000080024d0                SdkEvalTimersTimConfig
 .text.ST_MCU_API_TimerCalibration
                0x0000000008002538       0xc0 Core/Src/tim.o
                0x0000000008002538                ST_MCU_API_TimerCalibration
 .text.MCU_API_timer_start
                0x00000000080025f8       0x98 Core/Src/tim.o
                0x00000000080025f8                MCU_API_timer_start
 .text.setNIntermediateTimIrqFlag
                0x0000000008002690        0xc Core/Src/tim.o
                0x0000000008002690                setNIntermediateTimIrqFlag
 .text.getNotifyEndFlag
                0x000000000800269c        0xc Core/Src/tim.o
                0x000000000800269c                getNotifyEndFlag
 .text.getNIntermediateTimIrqFlag
                0x00000000080026a8        0xc Core/Src/tim.o
                0x00000000080026a8                getNIntermediateTimIrqFlag
 .text.MX_USART1_UART_Init
                0x00000000080026b4       0x38 Core/Src/usart.o
                0x00000000080026b4                MX_USART1_UART_Init
 .text.HAL_UART_MspInit
                0x00000000080026ec       0xd0 Core/Src/usart.o
                0x00000000080026ec                HAL_UART_MspInit
 .text.__io_putchar
                0x00000000080027bc       0x1c Core/Src/usart.o
                0x00000000080027bc                __io_putchar
 .text.Reset_Handler
                0x00000000080027d8       0x50 Core/Startup/startup_stm32l052t8yx.o
                0x00000000080027d8                Reset_Handler
 .text.Default_Handler
                0x0000000008002828        0x2 Core/Startup/startup_stm32l052t8yx.o
                0x0000000008002828                TSC_IRQHandler
                0x0000000008002828                PVD_IRQHandler
                0x0000000008002828                I2C1_IRQHandler
                0x0000000008002828                RCC_CRS_IRQHandler
                0x0000000008002828                SPI1_IRQHandler
                0x0000000008002828                TIM6_DAC_IRQHandler
                0x0000000008002828                I2C2_IRQHandler
                0x0000000008002828                DMA1_Channel1_IRQHandler
                0x0000000008002828                Default_Handler
                0x0000000008002828                TIM22_IRQHandler
                0x0000000008002828                EXTI0_1_IRQHandler
                0x0000000008002828                USB_IRQHandler
                0x0000000008002828                SPI2_IRQHandler
                0x0000000008002828                WWDG_IRQHandler
                0x0000000008002828                TIM2_IRQHandler
                0x0000000008002828                USART2_IRQHandler
                0x0000000008002828                FLASH_IRQHandler
                0x0000000008002828                USART1_IRQHandler
                0x0000000008002828                RNG_LPUART1_IRQHandler
                0x0000000008002828                LPTIM1_IRQHandler
 *fill*         0x000000000800282a        0x2 
 .text.FEM_Init
                0x000000000800282c       0x20 Drivers/S2LP_Middleware/STM32/src/FEM/S2LP_AUX_FEM_AUTO.o
                0x000000000800282c                FEM_Init
 .text.FEM_Operation
                0x000000000800284c       0x60 Drivers/S2LP_Middleware/STM32/src/FEM/S2LP_AUX_FEM_AUTO.o
                0x000000000800284c                FEM_Operation
 .text.EepromRead
                0x00000000080028ac        0x4 Drivers/S2LP_Middleware/STM32/src/S2LP_AUX_EEPROM.o
                0x00000000080028ac                EepromRead
 .text.HAL_InitTick
                0x00000000080028b0       0x30 Drivers/STM32L0xx_HAL_Driver/Src/stm32l0xx_hal.o
                0x00000000080028b0                HAL_InitTick
 .text.HAL_Init
                0x00000000080028e0       0x28 Drivers/STM32L0xx_HAL_Driver/Src/stm32l0xx_hal.o
                0x00000000080028e0                HAL_Init
 .text.HAL_IncTick
                0x0000000008002908       0x10 Drivers/STM32L0xx_HAL_Driver/Src/stm32l0xx_hal.o
                0x0000000008002908                HAL_IncTick
 .text.HAL_GetTick
                0x0000000008002918        0xc Drivers/STM32L0xx_HAL_Driver/Src/stm32l0xx_hal.o
                0x0000000008002918                HAL_GetTick
 .text.HAL_Delay
                0x0000000008002924       0x1e Drivers/STM32L0xx_HAL_Driver/Src/stm32l0xx_hal.o
                0x0000000008002924                HAL_Delay
 *fill*         0x0000000008002942        0x2 
 .text.ADC_DelayMicroSecond
                0x0000000008002944       0x2c Drivers/STM32L0xx_HAL_Driver/Src/stm32l0xx_hal_adc.o
 .text.HAL_ADC_Init
                0x0000000008002970      0x1b4 Drivers/STM32L0xx_HAL_Driver/Src/stm32l0xx_hal_adc.o
                0x0000000008002970                HAL_ADC_Init
 .text.HAL_ADC_ConvCpltCallback
                0x0000000008002b24        0x2 Drivers/STM32L0xx_HAL_Driver/Src/stm32l0xx_hal_adc.o
                0x0000000008002b24                HAL_ADC_ConvCpltCallback
 .text.HAL_ADC_LevelOutOfWindowCallback
                0x0000000008002b26        0x2 Drivers/STM32L0xx_HAL_Driver/Src/stm32l0xx_hal_adc.o
                0x0000000008002b26                HAL_ADC_LevelOutOfWindowCallback
 .text.HAL_ADC_ErrorCallback
                0x0000000008002b28        0x2 Drivers/STM32L0xx_HAL_Driver/Src/stm32l0xx_hal_adc.o
                0x0000000008002b28                HAL_ADC_ErrorCallback
 *fill*         0x0000000008002b2a        0x2 
 .text.HAL_ADC_IRQHandler
                0x0000000008002b2c       0xe8 Drivers/STM32L0xx_HAL_Driver/Src/stm32l0xx_hal_adc.o
                0x0000000008002b2c                HAL_ADC_IRQHandler
 .text.HAL_ADC_ConfigChannel
                0x0000000008002c14       0xa8 Drivers/STM32L0xx_HAL_Driver/Src/stm32l0xx_hal_adc.o
                0x0000000008002c14                HAL_ADC_ConfigChannel
 .text.HAL_NVIC_SetPriority
                0x0000000008002cbc       0x54 Drivers/STM32L0xx_HAL_Driver/Src/stm32l0xx_hal_cortex.o
                0x0000000008002cbc                HAL_NVIC_SetPriority
 .text.HAL_NVIC_EnableIRQ
                0x0000000008002d10       0x14 Drivers/STM32L0xx_HAL_Driver/Src/stm32l0xx_hal_cortex.o
                0x0000000008002d10                HAL_NVIC_EnableIRQ
 .text.HAL_NVIC_DisableIRQ
                0x0000000008002d24       0x14 Drivers/STM32L0xx_HAL_Driver/Src/stm32l0xx_hal_cortex.o
                0x0000000008002d24                HAL_NVIC_DisableIRQ
 .text.HAL_SYSTICK_Config
                0x0000000008002d38       0x34 Drivers/STM32L0xx_HAL_Driver/Src/stm32l0xx_hal_cortex.o
                0x0000000008002d38                HAL_SYSTICK_Config
 .text.HAL_DMA_Init
                0x0000000008002d6c       0x88 Drivers/STM32L0xx_HAL_Driver/Src/stm32l0xx_hal_dma.o
                0x0000000008002d6c                HAL_DMA_Init
 .text.HAL_DMA_Start_IT
                0x0000000008002df4       0x80 Drivers/STM32L0xx_HAL_Driver/Src/stm32l0xx_hal_dma.o
                0x0000000008002df4                HAL_DMA_Start_IT
 .text.HAL_DMA_IRQHandler
                0x0000000008002e74       0x96 Drivers/STM32L0xx_HAL_Driver/Src/stm32l0xx_hal_dma.o
                0x0000000008002e74                HAL_DMA_IRQHandler
 *fill*         0x0000000008002f0a        0x2 
 .text.FLASH_SetErrorCode
                0x0000000008002f0c       0xac Drivers/STM32L0xx_HAL_Driver/Src/stm32l0xx_hal_flash.o
 .text.HAL_FLASH_GetError
                0x0000000008002fb8        0xc Drivers/STM32L0xx_HAL_Driver/Src/stm32l0xx_hal_flash.o
                0x0000000008002fb8                HAL_FLASH_GetError
 .text.FLASH_WaitForLastOperation
                0x0000000008002fc4       0x78 Drivers/STM32L0xx_HAL_Driver/Src/stm32l0xx_hal_flash.o
                0x0000000008002fc4                FLASH_WaitForLastOperation
 .text.HAL_FLASHEx_DATAEEPROM_Unlock
                0x000000000800303c       0x30 Drivers/STM32L0xx_HAL_Driver/Src/stm32l0xx_hal_flash_ex.o
                0x000000000800303c                HAL_FLASHEx_DATAEEPROM_Unlock
 .text.HAL_FLASHEx_DATAEEPROM_Lock
                0x000000000800306c       0x14 Drivers/STM32L0xx_HAL_Driver/Src/stm32l0xx_hal_flash_ex.o
                0x000000000800306c                HAL_FLASHEx_DATAEEPROM_Lock
 .text.HAL_FLASHEx_DATAEEPROM_Erase
                0x0000000008003080       0x24 Drivers/STM32L0xx_HAL_Driver/Src/stm32l0xx_hal_flash_ex.o
                0x0000000008003080                HAL_FLASHEx_DATAEEPROM_Erase
 .text.HAL_FLASHEx_DATAEEPROM_Program
                0x00000000080030a4       0x54 Drivers/STM32L0xx_HAL_Driver/Src/stm32l0xx_hal_flash_ex.o
                0x00000000080030a4                HAL_FLASHEx_DATAEEPROM_Program
 .text.HAL_GPIO_Init
                0x00000000080030f8      0x170 Drivers/STM32L0xx_HAL_Driver/Src/stm32l0xx_hal_gpio.o
                0x00000000080030f8                HAL_GPIO_Init
 .text.HAL_GPIO_ReadPin
                0x0000000008003268        0xc Drivers/STM32L0xx_HAL_Driver/Src/stm32l0xx_hal_gpio.o
                0x0000000008003268                HAL_GPIO_ReadPin
 .text.HAL_GPIO_WritePin
                0x0000000008003274        0xc Drivers/STM32L0xx_HAL_Driver/Src/stm32l0xx_hal_gpio.o
                0x0000000008003274                HAL_GPIO_WritePin
 .text.HAL_GPIO_EXTI_IRQHandler
                0x0000000008003280       0x18 Drivers/STM32L0xx_HAL_Driver/Src/stm32l0xx_hal_gpio.o
                0x0000000008003280                HAL_GPIO_EXTI_IRQHandler
 .text.HAL_PWR_EnableBkUpAccess
                0x0000000008003298       0x14 Drivers/STM32L0xx_HAL_Driver/Src/stm32l0xx_hal_pwr.o
                0x0000000008003298                HAL_PWR_EnableBkUpAccess
 .text.HAL_RCC_GetSysClockFreq
                0x00000000080032ac       0x80 Drivers/STM32L0xx_HAL_Driver/Src/stm32l0xx_hal_rcc.o
                0x00000000080032ac                HAL_RCC_GetSysClockFreq
 .text.HAL_RCC_OscConfig
                0x000000000800332c      0x500 Drivers/STM32L0xx_HAL_Driver/Src/stm32l0xx_hal_rcc.o
                0x000000000800332c                HAL_RCC_OscConfig
 .text.HAL_RCC_ClockConfig
                0x000000000800382c      0x170 Drivers/STM32L0xx_HAL_Driver/Src/stm32l0xx_hal_rcc.o
                0x000000000800382c                HAL_RCC_ClockConfig
 .text.HAL_RCC_GetPCLK1Freq
                0x000000000800399c       0x20 Drivers/STM32L0xx_HAL_Driver/Src/stm32l0xx_hal_rcc.o
                0x000000000800399c                HAL_RCC_GetPCLK1Freq
 .text.HAL_RCC_GetPCLK2Freq
                0x00000000080039bc       0x20 Drivers/STM32L0xx_HAL_Driver/Src/stm32l0xx_hal_rcc.o
                0x00000000080039bc                HAL_RCC_GetPCLK2Freq
 .text.HAL_RCCEx_PeriphCLKConfig
                0x00000000080039dc      0x1a4 Drivers/STM32L0xx_HAL_Driver/Src/stm32l0xx_hal_rcc_ex.o
                0x00000000080039dc                HAL_RCCEx_PeriphCLKConfig
 .text.HAL_RTC_WaitForSynchro
                0x0000000008003b80       0x34 Drivers/STM32L0xx_HAL_Driver/Src/stm32l0xx_hal_rtc.o
                0x0000000008003b80                HAL_RTC_WaitForSynchro
 .text.RTC_EnterInitMode
                0x0000000008003bb4       0x38 Drivers/STM32L0xx_HAL_Driver/Src/stm32l0xx_hal_rtc.o
                0x0000000008003bb4                RTC_EnterInitMode
 .text.HAL_RTC_Init
                0x0000000008003bec       0xb8 Drivers/STM32L0xx_HAL_Driver/Src/stm32l0xx_hal_rtc.o
                0x0000000008003bec                HAL_RTC_Init
 .text.RTC_ByteToBcd2
                0x0000000008003ca4       0x16 Drivers/STM32L0xx_HAL_Driver/Src/stm32l0xx_hal_rtc.o
                0x0000000008003ca4                RTC_ByteToBcd2
 *fill*         0x0000000008003cba        0x2 
 .text.HAL_RTC_SetTime
                0x0000000008003cbc      0x10c Drivers/STM32L0xx_HAL_Driver/Src/stm32l0xx_hal_rtc.o
                0x0000000008003cbc                HAL_RTC_SetTime
 .text.HAL_RTC_SetDate
                0x0000000008003dc8       0xd8 Drivers/STM32L0xx_HAL_Driver/Src/stm32l0xx_hal_rtc.o
                0x0000000008003dc8                HAL_RTC_SetDate
 .text.HAL_RTCEx_SetWakeUpTimer_IT
                0x0000000008003ea0       0xfc Drivers/STM32L0xx_HAL_Driver/Src/stm32l0xx_hal_rtc_ex.o
                0x0000000008003ea0                HAL_RTCEx_SetWakeUpTimer_IT
 .text.HAL_RTCEx_DeactivateWakeUpTimer
                0x0000000008003f9c       0x80 Drivers/STM32L0xx_HAL_Driver/Src/stm32l0xx_hal_rtc_ex.o
                0x0000000008003f9c                HAL_RTCEx_DeactivateWakeUpTimer
 .text.HAL_RTCEx_WakeUpTimerEventCallback
                0x000000000800401c        0x2 Drivers/STM32L0xx_HAL_Driver/Src/stm32l0xx_hal_rtc_ex.o
                0x000000000800401c                HAL_RTCEx_WakeUpTimerEventCallback
 *fill*         0x000000000800401e        0x2 
 .text.HAL_RTCEx_WakeUpTimerIRQHandler
                0x0000000008004020       0x34 Drivers/STM32L0xx_HAL_Driver/Src/stm32l0xx_hal_rtc_ex.o
                0x0000000008004020                HAL_RTCEx_WakeUpTimerIRQHandler
 .text.SPI_WaitFlagStateUntilTimeout.constprop.0
                0x0000000008004054       0x84 Drivers/STM32L0xx_HAL_Driver/Src/stm32l0xx_hal_spi.o
 .text.SPI_EndRxTransaction
                0x00000000080040d8       0x54 Drivers/STM32L0xx_HAL_Driver/Src/stm32l0xx_hal_spi.o
 .text.SPI_EndRxTxTransaction
                0x000000000800412c       0x3e Drivers/STM32L0xx_HAL_Driver/Src/stm32l0xx_hal_spi.o
 *fill*         0x000000000800416a        0x2 
 .text.HAL_SPI_Init
                0x000000000800416c       0x80 Drivers/STM32L0xx_HAL_Driver/Src/stm32l0xx_hal_spi.o
                0x000000000800416c                HAL_SPI_Init
 .text.HAL_SPI_TransmitReceive_DMA
                0x00000000080041ec      0x114 Drivers/STM32L0xx_HAL_Driver/Src/stm32l0xx_hal_spi.o
                0x00000000080041ec                HAL_SPI_TransmitReceive_DMA
 .text.HAL_SPI_RxCpltCallback
                0x0000000008004300        0x2 Drivers/STM32L0xx_HAL_Driver/Src/stm32l0xx_hal_spi.o
                0x0000000008004300                HAL_SPI_RxCpltCallback
 .text.HAL_SPI_RxHalfCpltCallback
                0x0000000008004302        0x2 Drivers/STM32L0xx_HAL_Driver/Src/stm32l0xx_hal_spi.o
                0x0000000008004302                HAL_SPI_RxHalfCpltCallback
 .text.SPI_DMAHalfReceiveCplt
                0x0000000008004304        0xa Drivers/STM32L0xx_HAL_Driver/Src/stm32l0xx_hal_spi.o
 .text.HAL_SPI_TxRxHalfCpltCallback
                0x000000000800430e        0x2 Drivers/STM32L0xx_HAL_Driver/Src/stm32l0xx_hal_spi.o
                0x000000000800430e                HAL_SPI_TxRxHalfCpltCallback
 .text.SPI_DMAHalfTransmitReceiveCplt
                0x0000000008004310        0xa Drivers/STM32L0xx_HAL_Driver/Src/stm32l0xx_hal_spi.o
 .text.HAL_SPI_ErrorCallback
                0x000000000800431a        0x2 Drivers/STM32L0xx_HAL_Driver/Src/stm32l0xx_hal_spi.o
                0x000000000800431a                HAL_SPI_ErrorCallback
 .text.SPI_DMAError
                0x000000000800431c       0x24 Drivers/STM32L0xx_HAL_Driver/Src/stm32l0xx_hal_spi.o
 .text.SPI_DMAReceiveCplt
                0x0000000008004340       0x56 Drivers/STM32L0xx_HAL_Driver/Src/stm32l0xx_hal_spi.o
 .text.SPI_DMATransmitReceiveCplt
                0x0000000008004396       0x5e Drivers/STM32L0xx_HAL_Driver/Src/stm32l0xx_hal_spi.o
 .text.HAL_SPI_GetState
                0x00000000080043f4        0x8 Drivers/STM32L0xx_HAL_Driver/Src/stm32l0xx_hal_spi.o
                0x00000000080043f4                HAL_SPI_GetState
 .text.TIM_Base_SetConfig
                0x00000000080043fc       0x5c Drivers/STM32L0xx_HAL_Driver/Src/stm32l0xx_hal_tim.o
 .text.HAL_TIM_Base_Init
                0x0000000008004458       0x36 Drivers/STM32L0xx_HAL_Driver/Src/stm32l0xx_hal_tim.o
                0x0000000008004458                HAL_TIM_Base_Init
 .text.HAL_TIM_Base_Start
                0x000000000800448e       0x24 Drivers/STM32L0xx_HAL_Driver/Src/stm32l0xx_hal_tim.o
                0x000000000800448e                HAL_TIM_Base_Start
 *fill*         0x00000000080044b2        0x2 
 .text.HAL_TIM_Base_Stop
                0x00000000080044b4       0x28 Drivers/STM32L0xx_HAL_Driver/Src/stm32l0xx_hal_tim.o
                0x00000000080044b4                HAL_TIM_Base_Stop
 .text.HAL_TIM_ConfigClockSource
                0x00000000080044dc      0x140 Drivers/STM32L0xx_HAL_Driver/Src/stm32l0xx_hal_tim.o
                0x00000000080044dc                HAL_TIM_ConfigClockSource
 .text.HAL_TIM_PeriodElapsedCallback
                0x000000000800461c        0x2 Drivers/STM32L0xx_HAL_Driver/Src/stm32l0xx_hal_tim.o
                0x000000000800461c                HAL_TIM_PeriodElapsedCallback
 .text.HAL_TIM_OC_DelayElapsedCallback
                0x000000000800461e        0x2 Drivers/STM32L0xx_HAL_Driver/Src/stm32l0xx_hal_tim.o
                0x000000000800461e                HAL_TIM_OC_DelayElapsedCallback
 .text.HAL_TIM_IC_CaptureCallback
                0x0000000008004620        0x2 Drivers/STM32L0xx_HAL_Driver/Src/stm32l0xx_hal_tim.o
                0x0000000008004620                HAL_TIM_IC_CaptureCallback
 .text.HAL_TIM_PWM_PulseFinishedCallback
                0x0000000008004622        0x2 Drivers/STM32L0xx_HAL_Driver/Src/stm32l0xx_hal_tim.o
                0x0000000008004622                HAL_TIM_PWM_PulseFinishedCallback
 .text.HAL_TIM_TriggerCallback
                0x0000000008004624        0x2 Drivers/STM32L0xx_HAL_Driver/Src/stm32l0xx_hal_tim.o
                0x0000000008004624                HAL_TIM_TriggerCallback
 .text.HAL_TIM_IRQHandler
                0x0000000008004626      0x110 Drivers/STM32L0xx_HAL_Driver/Src/stm32l0xx_hal_tim.o
                0x0000000008004626                HAL_TIM_IRQHandler
 .text.HAL_TIMEx_MasterConfigSynchronization
                0x0000000008004736       0x3c Drivers/STM32L0xx_HAL_Driver/Src/stm32l0xx_hal_tim_ex.o
                0x0000000008004736                HAL_TIMEx_MasterConfigSynchronization
 *fill*         0x0000000008004772        0x2 
 .text.UART_SetConfig
                0x0000000008004774      0x280 Drivers/STM32L0xx_HAL_Driver/Src/stm32l0xx_hal_uart.o
                0x0000000008004774                UART_SetConfig
 .text.UART_AdvFeatureConfig
                0x00000000080049f4       0xd0 Drivers/STM32L0xx_HAL_Driver/Src/stm32l0xx_hal_uart.o
                0x00000000080049f4                UART_AdvFeatureConfig
 .text.UART_WaitOnFlagUntilTimeout
                0x0000000008004ac4       0x5c Drivers/STM32L0xx_HAL_Driver/Src/stm32l0xx_hal_uart.o
                0x0000000008004ac4                UART_WaitOnFlagUntilTimeout
 .text.HAL_UART_Transmit
                0x0000000008004b20       0xda Drivers/STM32L0xx_HAL_Driver/Src/stm32l0xx_hal_uart.o
                0x0000000008004b20                HAL_UART_Transmit
 *fill*         0x0000000008004bfa        0x2 
 .text.UART_CheckIdleState
                0x0000000008004bfc       0x60 Drivers/STM32L0xx_HAL_Driver/Src/stm32l0xx_hal_uart.o
                0x0000000008004bfc                UART_CheckIdleState
 .text.HAL_UART_Init
                0x0000000008004c5c       0x64 Drivers/STM32L0xx_HAL_Driver/Src/stm32l0xx_hal_uart.o
                0x0000000008004c5c                HAL_UART_Init
 .text.FlashRead
                0x0000000008004cc0       0x64 Drivers/Utils/STM32/src/SDK_UTILS_Flash.o
                0x0000000008004cc0                FlashRead
 .text.DataEepromErase
                0x0000000008004d24       0x28 Drivers/Utils/STM32/src/SDK_UTILS_Flash.o
                0x0000000008004d24                DataEepromErase
 .text.FlashErase
                0x0000000008004d4c       0x28 Drivers/Utils/STM32/src/SDK_UTILS_Flash.o
                0x0000000008004d4c                FlashErase
 .text.FlashWrite
                0x0000000008004d74       0x88 Drivers/Utils/STM32/src/SDK_UTILS_Flash.o
                0x0000000008004d74                FlashWrite
 .text.GetNVMBoardDataAddress
                0x0000000008004dfc        0xc ST_API/src/nvm_api.o
                0x0000000008004dfc                GetNVMBoardDataAddress
 .text.NVM_Read
                0x0000000008004e08        0xe ST_API/src/nvm_api.o
                0x0000000008004e08                NVM_Read
 .text.NVM_Write
                0x0000000008004e16        0xe ST_API/src/nvm_api.o
                0x0000000008004e16                NVM_Write
 .text._writeRecordInternal
                0x0000000008004e24       0x46 ST_API/src/nvm_api.o
 *fill*         0x0000000008004e6a        0x2 
 .text.NVM_ReadRecord
                0x0000000008004e6c       0xb0 ST_API/src/nvm_api.o
                0x0000000008004e6c                NVM_ReadRecord
 .text.eraseAllSector
                0x0000000008004f1c       0x1c ST_API/src/nvm_api.o
                0x0000000008004f1c                eraseAllSector
 .text.NVM_WriteRecord
                0x0000000008004f38       0x80 ST_API/src/nvm_api.o
                0x0000000008004f38                NVM_WriteRecord
 .text.SetNVMInitial
                0x0000000008004fb8       0x54 ST_API/src/nvm_api.o
                0x0000000008004fb8                SetNVMInitial
 .text.priv_ST_MANUF_CmdStrobe
                0x000000000800500c       0x18 ST_API/src/rf_api.o
 .text.priv_ST_MANUF_SpiRaw_Ramp.constprop.0
                0x0000000008005024       0x68 ST_API/src/rf_api.o
 .text.priv_ST_MANUF_tx_rf_dbpsk_single_bit
                0x000000000800508c       0x44 ST_API/src/rf_api.o
 .text.pn9_next
                0x00000000080050d0       0x18 ST_API/src/rf_api.o
                0x00000000080050d0                pn9_next
 .text.pn9_next_byte
                0x00000000080050e8       0x1c ST_API/src/rf_api.o
                0x00000000080050e8                pn9_next_byte
 .text.ST_RF_API_Timer_CB
                0x0000000008005104        0xc ST_API/src/rf_api.o
                0x0000000008005104                ST_RF_API_Timer_CB
 .text.ST_RF_API_Timer_Channel_Clear_CB
                0x0000000008005110       0x10 ST_API/src/rf_api.o
                0x0000000008005110                ST_RF_API_Timer_Channel_Clear_CB
 .text.ST_RF_API_set_rssi_offset
                0x0000000008005120       0x10 ST_API/src/rf_api.o
                0x0000000008005120                ST_RF_API_set_rssi_offset
 .text.ST_RF_API_set_xtal_freq
                0x0000000008005130        0xc ST_API/src/rf_api.o
                0x0000000008005130                ST_RF_API_set_xtal_freq
 .text.ST_RF_API_set_freq_offset
                0x000000000800513c        0xc ST_API/src/rf_api.o
                0x000000000800513c                ST_RF_API_set_freq_offset
 .text.ST_RF_API_set_lbt_thr_offset
                0x0000000008005148       0x10 ST_API/src/rf_api.o
                0x0000000008005148                ST_RF_API_set_lbt_thr_offset
 .text.ST_RF_API_Get_Continuous_TX_or_MONARCH_Scan_Flag
                0x0000000008005158        0xc ST_API/src/rf_api.o
                0x0000000008005158                ST_RF_API_Get_Continuous_TX_or_MONARCH_Scan_Flag
 .text.ST_RF_API_StopRxTx
                0x0000000008005164       0x12 ST_API/src/rf_api.o
                0x0000000008005164                ST_RF_API_StopRxTx
 *fill*         0x0000000008005176        0x2 
 .text.ST_RF_API_S2LP_IRQ_CB
                0x0000000008005178      0x120 ST_API/src/rf_api.o
                0x0000000008005178                ST_RF_API_S2LP_IRQ_CB
 .text.__aeabi_memclr
                0x0000000008005298        0xa c:/st/stm32cubeide_1.6.1/stm32cubeide/plugins/com.st.stm32cube.ide.mcu.externaltools.gnu-tools-for-stm32.9-2020-q2-update.win32_1.5.0.202011040924/tools/bin/../lib/gcc/arm-none-eabi/9.3.1/../../../../arm-none-eabi/lib/thumb/v6-m/nofp\libc_nano.a(lib_a-aeabi_memclr.o)
                0x0000000008005298                __aeabi_memclr
                0x0000000008005298                __aeabi_memclr4
                0x0000000008005298                __aeabi_memclr8
 .text.__aeabi_memcpy
                0x00000000080052a2        0x8 c:/st/stm32cubeide_1.6.1/stm32cubeide/plugins/com.st.stm32cube.ide.mcu.externaltools.gnu-tools-for-stm32.9-2020-q2-update.win32_1.5.0.202011040924/tools/bin/../lib/gcc/arm-none-eabi/9.3.1/../../../../arm-none-eabi/lib/thumb/v6-m/nofp\libc_nano.a(lib_a-aeabi_memcpy.o)
                0x00000000080052a2                __aeabi_memcpy4
                0x00000000080052a2                __aeabi_memcpy8
                0x00000000080052a2                __aeabi_memcpy
 .text.__aeabi_memset
                0x00000000080052aa        0xe c:/st/stm32cubeide_1.6.1/stm32cubeide/plugins/com.st.stm32cube.ide.mcu.externaltools.gnu-tools-for-stm32.9-2020-q2-update.win32_1.5.0.202011040924/tools/bin/../lib/gcc/arm-none-eabi/9.3.1/../../../../arm-none-eabi/lib/thumb/v6-m/nofp\libc_nano.a(lib_a-aeabi_memset.o)
                0x00000000080052aa                __aeabi_memset8
                0x00000000080052aa                __aeabi_memset4
                0x00000000080052aa                __aeabi_memset
 .text.__errno  0x00000000080052b8        0xc c:/st/stm32cubeide_1.6.1/stm32cubeide/plugins/com.st.stm32cube.ide.mcu.externaltools.gnu-tools-for-stm32.9-2020-q2-update.win32_1.5.0.202011040924/tools/bin/../lib/gcc/arm-none-eabi/9.3.1/../../../../arm-none-eabi/lib/thumb/v6-m/nofp\libc_nano.a(lib_a-errno.o)
                0x00000000080052b8                __errno
 .text.__libc_init_array
                0x00000000080052c4       0x48 c:/st/stm32cubeide_1.6.1/stm32cubeide/plugins/com.st.stm32cube.ide.mcu.externaltools.gnu-tools-for-stm32.9-2020-q2-update.win32_1.5.0.202011040924/tools/bin/../lib/gcc/arm-none-eabi/9.3.1/../../../../arm-none-eabi/lib/thumb/v6-m/nofp\libc_nano.a(lib_a-init.o)
                0x00000000080052c4                __libc_init_array
 .text.memcpy   0x000000000800530c       0x12 c:/st/stm32cubeide_1.6.1/stm32cubeide/plugins/com.st.stm32cube.ide.mcu.externaltools.gnu-tools-for-stm32.9-2020-q2-update.win32_1.5.0.202011040924/tools/bin/../lib/gcc/arm-none-eabi/9.3.1/../../../../arm-none-eabi/lib/thumb/v6-m/nofp\libc_nano.a(lib_a-memcpy-stub.o)
                0x000000000800530c                memcpy
 .text.memset   0x000000000800531e       0x10 c:/st/stm32cubeide_1.6.1/stm32cubeide/plugins/com.st.stm32cube.ide.mcu.externaltools.gnu-tools-for-stm32.9-2020-q2-update.win32_1.5.0.202011040924/tools/bin/../lib/gcc/arm-none-eabi/9.3.1/../../../../arm-none-eabi/lib/thumb/v6-m/nofp\libc_nano.a(lib_a-memset.o)
                0x000000000800531e                memset
 *fill*         0x000000000800532e        0x2 
 .text.printf   0x0000000008005330       0x34 c:/st/stm32cubeide_1.6.1/stm32cubeide/plugins/com.st.stm32cube.ide.mcu.externaltools.gnu-tools-for-stm32.9-2020-q2-update.win32_1.5.0.202011040924/tools/bin/../lib/gcc/arm-none-eabi/9.3.1/../../../../arm-none-eabi/lib/thumb/v6-m/nofp\libc_nano.a(lib_a-printf.o)
                0x0000000008005330                iprintf
                0x0000000008005330                printf
 .text.putchar  0x0000000008005364       0x28 c:/st/stm32cubeide_1.6.1/stm32cubeide/plugins/com.st.stm32cube.ide.mcu.externaltools.gnu-tools-for-stm32.9-2020-q2-update.win32_1.5.0.202011040924/tools/bin/../lib/gcc/arm-none-eabi/9.3.1/../../../../arm-none-eabi/lib/thumb/v6-m/nofp\libc_nano.a(lib_a-putchar.o)
                0x0000000008005364                putchar
 .text._puts_r  0x000000000800538c       0xe4 c:/st/stm32cubeide_1.6.1/stm32cubeide/plugins/com.st.stm32cube.ide.mcu.externaltools.gnu-tools-for-stm32.9-2020-q2-update.win32_1.5.0.202011040924/tools/bin/../lib/gcc/arm-none-eabi/9.3.1/../../../../arm-none-eabi/lib/thumb/v6-m/nofp\libc_nano.a(lib_a-puts.o)
                0x000000000800538c                _puts_r
 .text.puts     0x0000000008005470       0x14 c:/st/stm32cubeide_1.6.1/stm32cubeide/plugins/com.st.stm32cube.ide.mcu.externaltools.gnu-tools-for-stm32.9-2020-q2-update.win32_1.5.0.202011040924/tools/bin/../lib/gcc/arm-none-eabi/9.3.1/../../../../arm-none-eabi/lib/thumb/v6-m/nofp\libc_nano.a(lib_a-puts.o)
                0x0000000008005470                puts
 .text.__swbuf_r
                0x0000000008005484       0xac c:/st/stm32cubeide_1.6.1/stm32cubeide/plugins/com.st.stm32cube.ide.mcu.externaltools.gnu-tools-for-stm32.9-2020-q2-update.win32_1.5.0.202011040924/tools/bin/../lib/gcc/arm-none-eabi/9.3.1/../../../../arm-none-eabi/lib/thumb/v6-m/nofp\libc_nano.a(lib_a-wbuf.o)
                0x0000000008005484                __swbuf_r
 .text.__swsetup_r
                0x0000000008005530       0xf0 c:/st/stm32cubeide_1.6.1/stm32cubeide/plugins/com.st.stm32cube.ide.mcu.externaltools.gnu-tools-for-stm32.9-2020-q2-update.win32_1.5.0.202011040924/tools/bin/../lib/gcc/arm-none-eabi/9.3.1/../../../../arm-none-eabi/lib/thumb/v6-m/nofp\libc_nano.a(lib_a-wsetup.o)
                0x0000000008005530                __swsetup_r
 .text.__sflush_r
                0x0000000008005620      0x118 c:/st/stm32cubeide_1.6.1/stm32cubeide/plugins/com.st.stm32cube.ide.mcu.externaltools.gnu-tools-for-stm32.9-2020-q2-update.win32_1.5.0.202011040924/tools/bin/../lib/gcc/arm-none-eabi/9.3.1/../../../../arm-none-eabi/lib/thumb/v6-m/nofp\libc_nano.a(lib_a-fflush.o)
                0x0000000008005620                __sflush_r
 .text._fflush_r
                0x0000000008005738       0x80 c:/st/stm32cubeide_1.6.1/stm32cubeide/plugins/com.st.stm32cube.ide.mcu.externaltools.gnu-tools-for-stm32.9-2020-q2-update.win32_1.5.0.202011040924/tools/bin/../lib/gcc/arm-none-eabi/9.3.1/../../../../arm-none-eabi/lib/thumb/v6-m/nofp\libc_nano.a(lib_a-fflush.o)
                0x0000000008005738                _fflush_r
 .text.std      0x00000000080057b8       0x48 c:/st/stm32cubeide_1.6.1/stm32cubeide/plugins/com.st.stm32cube.ide.mcu.externaltools.gnu-tools-for-stm32.9-2020-q2-update.win32_1.5.0.202011040924/tools/bin/../lib/gcc/arm-none-eabi/9.3.1/../../../../arm-none-eabi/lib/thumb/v6-m/nofp\libc_nano.a(lib_a-findfp.o)
 .text._cleanup_r
                0x0000000008005800       0x10 c:/st/stm32cubeide_1.6.1/stm32cubeide/plugins/com.st.stm32cube.ide.mcu.externaltools.gnu-tools-for-stm32.9-2020-q2-update.win32_1.5.0.202011040924/tools/bin/../lib/gcc/arm-none-eabi/9.3.1/../../../../arm-none-eabi/lib/thumb/v6-m/nofp\libc_nano.a(lib_a-findfp.o)
                0x0000000008005800                _cleanup_r
 .text.__sfmoreglue
                0x0000000008005810       0x2c c:/st/stm32cubeide_1.6.1/stm32cubeide/plugins/com.st.stm32cube.ide.mcu.externaltools.gnu-tools-for-stm32.9-2020-q2-update.win32_1.5.0.202011040924/tools/bin/../lib/gcc/arm-none-eabi/9.3.1/../../../../arm-none-eabi/lib/thumb/v6-m/nofp\libc_nano.a(lib_a-findfp.o)
                0x0000000008005810                __sfmoreglue
 .text.__sfp_lock_acquire
                0x000000000800583c       0x10 c:/st/stm32cubeide_1.6.1/stm32cubeide/plugins/com.st.stm32cube.ide.mcu.externaltools.gnu-tools-for-stm32.9-2020-q2-update.win32_1.5.0.202011040924/tools/bin/../lib/gcc/arm-none-eabi/9.3.1/../../../../arm-none-eabi/lib/thumb/v6-m/nofp\libc_nano.a(lib_a-findfp.o)
                0x000000000800583c                __sfp_lock_acquire
 .text.__sfp_lock_release
                0x000000000800584c       0x10 c:/st/stm32cubeide_1.6.1/stm32cubeide/plugins/com.st.stm32cube.ide.mcu.externaltools.gnu-tools-for-stm32.9-2020-q2-update.win32_1.5.0.202011040924/tools/bin/../lib/gcc/arm-none-eabi/9.3.1/../../../../arm-none-eabi/lib/thumb/v6-m/nofp\libc_nano.a(lib_a-findfp.o)
                0x000000000800584c                __sfp_lock_release
 .text.__sinit_lock_acquire
                0x000000000800585c       0x10 c:/st/stm32cubeide_1.6.1/stm32cubeide/plugins/com.st.stm32cube.ide.mcu.externaltools.gnu-tools-for-stm32.9-2020-q2-update.win32_1.5.0.202011040924/tools/bin/../lib/gcc/arm-none-eabi/9.3.1/../../../../arm-none-eabi/lib/thumb/v6-m/nofp\libc_nano.a(lib_a-findfp.o)
                0x000000000800585c                __sinit_lock_acquire
 .text.__sinit_lock_release
                0x000000000800586c       0x10 c:/st/stm32cubeide_1.6.1/stm32cubeide/plugins/com.st.stm32cube.ide.mcu.externaltools.gnu-tools-for-stm32.9-2020-q2-update.win32_1.5.0.202011040924/tools/bin/../lib/gcc/arm-none-eabi/9.3.1/../../../../arm-none-eabi/lib/thumb/v6-m/nofp\libc_nano.a(lib_a-findfp.o)
                0x000000000800586c                __sinit_lock_release
 .text.__sinit  0x000000000800587c       0x70 c:/st/stm32cubeide_1.6.1/stm32cubeide/plugins/com.st.stm32cube.ide.mcu.externaltools.gnu-tools-for-stm32.9-2020-q2-update.win32_1.5.0.202011040924/tools/bin/../lib/gcc/arm-none-eabi/9.3.1/../../../../arm-none-eabi/lib/thumb/v6-m/nofp\libc_nano.a(lib_a-findfp.o)
                0x000000000800587c                __sinit
 .text.__sfp    0x00000000080058ec       0x90 c:/st/stm32cubeide_1.6.1/stm32cubeide/plugins/com.st.stm32cube.ide.mcu.externaltools.gnu-tools-for-stm32.9-2020-q2-update.win32_1.5.0.202011040924/tools/bin/../lib/gcc/arm-none-eabi/9.3.1/../../../../arm-none-eabi/lib/thumb/v6-m/nofp\libc_nano.a(lib_a-findfp.o)
                0x00000000080058ec                __sfp
 .text._fwalk_reent
                0x000000000800597c       0x40 c:/st/stm32cubeide_1.6.1/stm32cubeide/plugins/com.st.stm32cube.ide.mcu.externaltools.gnu-tools-for-stm32.9-2020-q2-update.win32_1.5.0.202011040924/tools/bin/../lib/gcc/arm-none-eabi/9.3.1/../../../../arm-none-eabi/lib/thumb/v6-m/nofp\libc_nano.a(lib_a-fwalk.o)
                0x000000000800597c                _fwalk_reent
 .text.__retarget_lock_init_recursive
                0x00000000080059bc        0x2 c:/st/stm32cubeide_1.6.1/stm32cubeide/plugins/com.st.stm32cube.ide.mcu.externaltools.gnu-tools-for-stm32.9-2020-q2-update.win32_1.5.0.202011040924/tools/bin/../lib/gcc/arm-none-eabi/9.3.1/../../../../arm-none-eabi/lib/thumb/v6-m/nofp\libc_nano.a(lib_a-lock.o)
                0x00000000080059bc                __retarget_lock_init_recursive
 .text.__retarget_lock_acquire_recursive
                0x00000000080059be        0x2 c:/st/stm32cubeide_1.6.1/stm32cubeide/plugins/com.st.stm32cube.ide.mcu.externaltools.gnu-tools-for-stm32.9-2020-q2-update.win32_1.5.0.202011040924/tools/bin/../lib/gcc/arm-none-eabi/9.3.1/../../../../arm-none-eabi/lib/thumb/v6-m/nofp\libc_nano.a(lib_a-lock.o)
                0x00000000080059be                __retarget_lock_acquire_recursive
 .text.__retarget_lock_release_recursive
                0x00000000080059c0        0x2 c:/st/stm32cubeide_1.6.1/stm32cubeide/plugins/com.st.stm32cube.ide.mcu.externaltools.gnu-tools-for-stm32.9-2020-q2-update.win32_1.5.0.202011040924/tools/bin/../lib/gcc/arm-none-eabi/9.3.1/../../../../arm-none-eabi/lib/thumb/v6-m/nofp\libc_nano.a(lib_a-lock.o)
                0x00000000080059c0                __retarget_lock_release_recursive
 *fill*         0x00000000080059c2        0x2 
 .text.__swhatbuf_r
                0x00000000080059c4       0x50 c:/st/stm32cubeide_1.6.1/stm32cubeide/plugins/com.st.stm32cube.ide.mcu.externaltools.gnu-tools-for-stm32.9-2020-q2-update.win32_1.5.0.202011040924/tools/bin/../lib/gcc/arm-none-eabi/9.3.1/../../../../arm-none-eabi/lib/thumb/v6-m/nofp\libc_nano.a(lib_a-makebuf.o)
                0x00000000080059c4                __swhatbuf_r
 .text.__smakebuf_r
                0x0000000008005a14       0x88 c:/st/stm32cubeide_1.6.1/stm32cubeide/plugins/com.st.stm32cube.ide.mcu.externaltools.gnu-tools-for-stm32.9-2020-q2-update.win32_1.5.0.202011040924/tools/bin/../lib/gcc/arm-none-eabi/9.3.1/../../../../arm-none-eabi/lib/thumb/v6-m/nofp\libc_nano.a(lib_a-makebuf.o)
                0x0000000008005a14                __smakebuf_r
 .text._free_r  0x0000000008005a9c       0x94 c:/st/stm32cubeide_1.6.1/stm32cubeide/plugins/com.st.stm32cube.ide.mcu.externaltools.gnu-tools-for-stm32.9-2020-q2-update.win32_1.5.0.202011040924/tools/bin/../lib/gcc/arm-none-eabi/9.3.1/../../../../arm-none-eabi/lib/thumb/v6-m/nofp\libc_nano.a(lib_a-nano-freer.o)
                0x0000000008005a9c                _free_r
 .text._malloc_r
                0x0000000008005b30       0xbc c:/st/stm32cubeide_1.6.1/stm32cubeide/plugins/com.st.stm32cube.ide.mcu.externaltools.gnu-tools-for-stm32.9-2020-q2-update.win32_1.5.0.202011040924/tools/bin/../lib/gcc/arm-none-eabi/9.3.1/../../../../arm-none-eabi/lib/thumb/v6-m/nofp\libc_nano.a(lib_a-nano-mallocr.o)
                0x0000000008005b30                _malloc_r
 .text.__sfputc_r
                0x0000000008005bec       0x2a c:/st/stm32cubeide_1.6.1/stm32cubeide/plugins/com.st.stm32cube.ide.mcu.externaltools.gnu-tools-for-stm32.9-2020-q2-update.win32_1.5.0.202011040924/tools/bin/../lib/gcc/arm-none-eabi/9.3.1/../../../../arm-none-eabi/lib/thumb/v6-m/nofp\libc_nano.a(lib_a-nano-vfprintf.o)
 .text.__sfputs_r
                0x0000000008005c16       0x24 c:/st/stm32cubeide_1.6.1/stm32cubeide/plugins/com.st.stm32cube.ide.mcu.externaltools.gnu-tools-for-stm32.9-2020-q2-update.win32_1.5.0.202011040924/tools/bin/../lib/gcc/arm-none-eabi/9.3.1/../../../../arm-none-eabi/lib/thumb/v6-m/nofp\libc_nano.a(lib_a-nano-vfprintf.o)
                0x0000000008005c16                __sfputs_r
 *fill*         0x0000000008005c3a        0x2 
 .text._vfprintf_r
                0x0000000008005c3c      0x274 c:/st/stm32cubeide_1.6.1/stm32cubeide/plugins/com.st.stm32cube.ide.mcu.externaltools.gnu-tools-for-stm32.9-2020-q2-update.win32_1.5.0.202011040924/tools/bin/../lib/gcc/arm-none-eabi/9.3.1/../../../../arm-none-eabi/lib/thumb/v6-m/nofp\libc_nano.a(lib_a-nano-vfprintf.o)
                0x0000000008005c3c                _vfprintf_r
                0x0000000008005c3c                _vfiprintf_r
 .text._printf_common
                0x0000000008005eb0       0xde c:/st/stm32cubeide_1.6.1/stm32cubeide/plugins/com.st.stm32cube.ide.mcu.externaltools.gnu-tools-for-stm32.9-2020-q2-update.win32_1.5.0.202011040924/tools/bin/../lib/gcc/arm-none-eabi/9.3.1/../../../../arm-none-eabi/lib/thumb/v6-m/nofp\libc_nano.a(lib_a-nano-vfprintf_i.o)
                0x0000000008005eb0                _printf_common
 *fill*         0x0000000008005f8e        0x2 
 .text._printf_i
                0x0000000008005f90      0x224 c:/st/stm32cubeide_1.6.1/stm32cubeide/plugins/com.st.stm32cube.ide.mcu.externaltools.gnu-tools-for-stm32.9-2020-q2-update.win32_1.5.0.202011040924/tools/bin/../lib/gcc/arm-none-eabi/9.3.1/../../../../arm-none-eabi/lib/thumb/v6-m/nofp\libc_nano.a(lib_a-nano-vfprintf_i.o)
                0x0000000008005f90                _printf_i
 .text._putc_r  0x00000000080061b4       0x94 c:/st/stm32cubeide_1.6.1/stm32cubeide/plugins/com.st.stm32cube.ide.mcu.externaltools.gnu-tools-for-stm32.9-2020-q2-update.win32_1.5.0.202011040924/tools/bin/../lib/gcc/arm-none-eabi/9.3.1/../../../../arm-none-eabi/lib/thumb/v6-m/nofp\libc_nano.a(lib_a-putc.o)
                0x00000000080061b4                _putc_r
 .text._sbrk_r  0x0000000008006248       0x24 c:/st/stm32cubeide_1.6.1/stm32cubeide/plugins/com.st.stm32cube.ide.mcu.externaltools.gnu-tools-for-stm32.9-2020-q2-update.win32_1.5.0.202011040924/tools/bin/../lib/gcc/arm-none-eabi/9.3.1/../../../../arm-none-eabi/lib/thumb/v6-m/nofp\libc_nano.a(lib_a-sbrkr.o)
                0x0000000008006248                _sbrk_r
 .text.__sread  0x000000000800626c       0x28 c:/st/stm32cubeide_1.6.1/stm32cubeide/plugins/com.st.stm32cube.ide.mcu.externaltools.gnu-tools-for-stm32.9-2020-q2-update.win32_1.5.0.202011040924/tools/bin/../lib/gcc/arm-none-eabi/9.3.1/../../../../arm-none-eabi/lib/thumb/v6-m/nofp\libc_nano.a(lib_a-stdio.o)
                0x000000000800626c                __sread
 .text.__swrite
                0x0000000008006294       0x38 c:/st/stm32cubeide_1.6.1/stm32cubeide/plugins/com.st.stm32cube.ide.mcu.externaltools.gnu-tools-for-stm32.9-2020-q2-update.win32_1.5.0.202011040924/tools/bin/../lib/gcc/arm-none-eabi/9.3.1/../../../../arm-none-eabi/lib/thumb/v6-m/nofp\libc_nano.a(lib_a-stdio.o)
                0x0000000008006294                __swrite
 .text.__sseek  0x00000000080062cc       0x2c c:/st/stm32cubeide_1.6.1/stm32cubeide/plugins/com.st.stm32cube.ide.mcu.externaltools.gnu-tools-for-stm32.9-2020-q2-update.win32_1.5.0.202011040924/tools/bin/../lib/gcc/arm-none-eabi/9.3.1/../../../../arm-none-eabi/lib/thumb/v6-m/nofp\libc_nano.a(lib_a-stdio.o)
                0x00000000080062cc                __sseek
 .text.__sclose
                0x00000000080062f8        0xc c:/st/stm32cubeide_1.6.1/stm32cubeide/plugins/com.st.stm32cube.ide.mcu.externaltools.gnu-tools-for-stm32.9-2020-q2-update.win32_1.5.0.202011040924/tools/bin/../lib/gcc/arm-none-eabi/9.3.1/../../../../arm-none-eabi/lib/thumb/v6-m/nofp\libc_nano.a(lib_a-stdio.o)
                0x00000000080062f8                __sclose
 .text._write_r
                0x0000000008006304       0x28 c:/st/stm32cubeide_1.6.1/stm32cubeide/plugins/com.st.stm32cube.ide.mcu.externaltools.gnu-tools-for-stm32.9-2020-q2-update.win32_1.5.0.202011040924/tools/bin/../lib/gcc/arm-none-eabi/9.3.1/../../../../arm-none-eabi/lib/thumb/v6-m/nofp\libc_nano.a(lib_a-writer.o)
                0x0000000008006304                _write_r
 .text._close_r
                0x000000000800632c       0x24 c:/st/stm32cubeide_1.6.1/stm32cubeide/plugins/com.st.stm32cube.ide.mcu.externaltools.gnu-tools-for-stm32.9-2020-q2-update.win32_1.5.0.202011040924/tools/bin/../lib/gcc/arm-none-eabi/9.3.1/../../../../arm-none-eabi/lib/thumb/v6-m/nofp\libc_nano.a(lib_a-closer.o)
                0x000000000800632c                _close_r
 .text._fstat_r
                0x0000000008006350       0x24 c:/st/stm32cubeide_1.6.1/stm32cubeide/plugins/com.st.stm32cube.ide.mcu.externaltools.gnu-tools-for-stm32.9-2020-q2-update.win32_1.5.0.202011040924/tools/bin/../lib/gcc/arm-none-eabi/9.3.1/../../../../arm-none-eabi/lib/thumb/v6-m/nofp\libc_nano.a(lib_a-fstatr.o)
                0x0000000008006350                _fstat_r
 .text._isatty_r
                0x0000000008006374       0x24 c:/st/stm32cubeide_1.6.1/stm32cubeide/plugins/com.st.stm32cube.ide.mcu.externaltools.gnu-tools-for-stm32.9-2020-q2-update.win32_1.5.0.202011040924/tools/bin/../lib/gcc/arm-none-eabi/9.3.1/../../../../arm-none-eabi/lib/thumb/v6-m/nofp\libc_nano.a(lib_a-isattyr.o)
                0x0000000008006374                _isatty_r
 .text._lseek_r
                0x0000000008006398       0x28 c:/st/stm32cubeide_1.6.1/stm32cubeide/plugins/com.st.stm32cube.ide.mcu.externaltools.gnu-tools-for-stm32.9-2020-q2-update.win32_1.5.0.202011040924/tools/bin/../lib/gcc/arm-none-eabi/9.3.1/../../../../arm-none-eabi/lib/thumb/v6-m/nofp\libc_nano.a(lib_a-lseekr.o)
                0x0000000008006398                _lseek_r
 .text.memchr   0x00000000080063c0       0x16 c:/st/stm32cubeide_1.6.1/stm32cubeide/plugins/com.st.stm32cube.ide.mcu.externaltools.gnu-tools-for-stm32.9-2020-q2-update.win32_1.5.0.202011040924/tools/bin/../lib/gcc/arm-none-eabi/9.3.1/../../../../arm-none-eabi/lib/thumb/v6-m/nofp\libc_nano.a(lib_a-memchr-stub.o)
                0x00000000080063c0                memchr
 *fill*         0x00000000080063d6        0x2 
 .text.__malloc_lock
                0x00000000080063d8       0x10 c:/st/stm32cubeide_1.6.1/stm32cubeide/plugins/com.st.stm32cube.ide.mcu.externaltools.gnu-tools-for-stm32.9-2020-q2-update.win32_1.5.0.202011040924/tools/bin/../lib/gcc/arm-none-eabi/9.3.1/../../../../arm-none-eabi/lib/thumb/v6-m/nofp\libc_nano.a(lib_a-mlock.o)
                0x00000000080063d8                __malloc_lock
 .text.__malloc_unlock
                0x00000000080063e8       0x10 c:/st/stm32cubeide_1.6.1/stm32cubeide/plugins/com.st.stm32cube.ide.mcu.externaltools.gnu-tools-for-stm32.9-2020-q2-update.win32_1.5.0.202011040924/tools/bin/../lib/gcc/arm-none-eabi/9.3.1/../../../../arm-none-eabi/lib/thumb/v6-m/nofp\libc_nano.a(lib_a-mlock.o)
                0x00000000080063e8                __malloc_unlock
 .text._read_r  0x00000000080063f8       0x28 c:/st/stm32cubeide_1.6.1/stm32cubeide/plugins/com.st.stm32cube.ide.mcu.externaltools.gnu-tools-for-stm32.9-2020-q2-update.win32_1.5.0.202011040924/tools/bin/../lib/gcc/arm-none-eabi/9.3.1/../../../../arm-none-eabi/lib/thumb/v6-m/nofp\libc_nano.a(lib_a-readr.o)
                0x00000000080063f8                _read_r
 *(.glue_7)
 .glue_7        0x0000000008006420        0x0 linker stubs
 *(.glue_7t)
 .glue_7t       0x0000000008006420        0x0 linker stubs
 *(.eh_frame)
 .eh_frame      0x0000000008006420        0x0 c:/st/stm32cubeide_1.6.1/stm32cubeide/plugins/com.st.stm32cube.ide.mcu.externaltools.gnu-tools-for-stm32.9-2020-q2-update.win32_1.5.0.202011040924/tools/bin/../lib/gcc/arm-none-eabi/9.3.1/thumb/v6-m/nofp/crtbegin.o
 *(.init)
 .init          0x0000000008006420        0x4 c:/st/stm32cubeide_1.6.1/stm32cubeide/plugins/com.st.stm32cube.ide.mcu.externaltools.gnu-tools-for-stm32.9-2020-q2-update.win32_1.5.0.202011040924/tools/bin/../lib/gcc/arm-none-eabi/9.3.1/thumb/v6-m/nofp/crti.o
                0x0000000008006420                _init
 .init          0x0000000008006424        0x8 c:/st/stm32cubeide_1.6.1/stm32cubeide/plugins/com.st.stm32cube.ide.mcu.externaltools.gnu-tools-for-stm32.9-2020-q2-update.win32_1.5.0.202011040924/tools/bin/../lib/gcc/arm-none-eabi/9.3.1/thumb/v6-m/nofp/crtn.o
 *(.fini)
 .fini          0x000000000800642c        0x4 c:/st/stm32cubeide_1.6.1/stm32cubeide/plugins/com.st.stm32cube.ide.mcu.externaltools.gnu-tools-for-stm32.9-2020-q2-update.win32_1.5.0.202011040924/tools/bin/../lib/gcc/arm-none-eabi/9.3.1/thumb/v6-m/nofp/crti.o
                0x000000000800642c                _fini
 .fini          0x0000000008006430        0x8 c:/st/stm32cubeide_1.6.1/stm32cubeide/plugins/com.st.stm32cube.ide.mcu.externaltools.gnu-tools-for-stm32.9-2020-q2-update.win32_1.5.0.202011040924/tools/bin/../lib/gcc/arm-none-eabi/9.3.1/thumb/v6-m/nofp/crtn.o
                0x0000000008006438                . = ALIGN (0x4)
                0x0000000008006438                _etext = .

.vfp11_veneer   0x0000000008006438        0x0
 .vfp11_veneer  0x0000000008006438        0x0 linker stubs

.v4_bx          0x0000000008006438        0x0
 .v4_bx         0x0000000008006438        0x0 linker stubs

.iplt           0x0000000008006438        0x0
 .iplt          0x0000000008006438        0x0 c:/st/stm32cubeide_1.6.1/stm32cubeide/plugins/com.st.stm32cube.ide.mcu.externaltools.gnu-tools-for-stm32.9-2020-q2-update.win32_1.5.0.202011040924/tools/bin/../lib/gcc/arm-none-eabi/9.3.1/thumb/v6-m/nofp/crtbegin.o

.rodata         0x0000000008006438      0x8a4
                0x0000000008006438                . = ALIGN (0x4)
 *(.rodata)
 .rodata        0x0000000008006438      0x100 ../ST_API/bin\ST_RETRIEVER_LIB_CM0+_GCC.a(retriever_api.o)
 .rodata        0x0000000008006538      0x100 ../ST_API/bin\ST_RETRIEVER_LIB_CM0+_GCC.a(retriever_api.o)
 .rodata        0x0000000008006638      0x100 ../ST_API/bin\ST_RETRIEVER_LIB_CM0+_GCC.a(retriever_api.o)
 .rodata        0x0000000008006738       0x40 c:/st/stm32cubeide_1.6.1/stm32cubeide/plugins/com.st.stm32cube.ide.mcu.externaltools.gnu-tools-for-stm32.9-2020-q2-update.win32_1.5.0.202011040924/tools/bin/../lib/gcc/arm-none-eabi/9.3.1/thumb/v6-m/nofp\libgcc.a(mulsf3.o)
 *(.rodata*)
 .rodata.mcuConfig.str1.1
                0x0000000008006778       0x50 Core/Src/main.o
 .rodata.main.str1.1
                0x00000000080067c8       0x3a Core/Src/main.o
 .rodata.AHBPrescTable
                0x0000000008006802       0x10 Core/Src/system_stm32l0xx.o
                0x0000000008006802                AHBPrescTable
 .rodata.APBPrescTable
                0x0000000008006812        0x8 Core/Src/system_stm32l0xx.o
                0x0000000008006812                APBPrescTable
 .rodata.PLLMulTable
                0x000000000800681a        0x9 Core/Src/system_stm32l0xx.o
                0x000000000800681a                PLLMulTable
 .rodata.FEM_Init.str1.1
                0x0000000008006823        0x4 Drivers/S2LP_Middleware/STM32/src/FEM/S2LP_AUX_FEM_AUTO.o
 .rodata.FEM_Operation.str1.1
                0x0000000008006827        0x3 Drivers/S2LP_Middleware/STM32/src/FEM/S2LP_AUX_FEM_AUTO.o
 .rodata.CSWTCH.55
                0x000000000800682a        0x3 Drivers/STM32L0xx_HAL_Driver/Src/stm32l0xx_hal_uart.o
 .rodata.CSWTCH.56
                0x000000000800682d        0xd Drivers/STM32L0xx_HAL_Driver/Src/stm32l0xx_hal_uart.o
 .rodata.s_etsi_bpsk_ramps
                0x000000000800683a      0x1e1 ST_API/src/rf_api.o
 .rodata.s_fcc_bpsk_ramps
                0x0000000008006a1b      0x1e1 ST_API/src/rf_api.o
 .rodata.zeroes
                0x0000000008006bfc       0x48 ST_API/src/rf_api.o
 .rodata._global_impure_ptr
                0x0000000008006c44        0x4 c:/st/stm32cubeide_1.6.1/stm32cubeide/plugins/com.st.stm32cube.ide.mcu.externaltools.gnu-tools-for-stm32.9-2020-q2-update.win32_1.5.0.202011040924/tools/bin/../lib/gcc/arm-none-eabi/9.3.1/../../../../arm-none-eabi/lib/thumb/v6-m/nofp\libc_nano.a(lib_a-impure.o)
                0x0000000008006c44                _global_impure_ptr
 .rodata.__sf_fake_stderr
                0x0000000008006c48       0x20 c:/st/stm32cubeide_1.6.1/stm32cubeide/plugins/com.st.stm32cube.ide.mcu.externaltools.gnu-tools-for-stm32.9-2020-q2-update.win32_1.5.0.202011040924/tools/bin/../lib/gcc/arm-none-eabi/9.3.1/../../../../arm-none-eabi/lib/thumb/v6-m/nofp\libc_nano.a(lib_a-findfp.o)
                0x0000000008006c48                __sf_fake_stderr
 .rodata.__sf_fake_stdin
                0x0000000008006c68       0x20 c:/st/stm32cubeide_1.6.1/stm32cubeide/plugins/com.st.stm32cube.ide.mcu.externaltools.gnu-tools-for-stm32.9-2020-q2-update.win32_1.5.0.202011040924/tools/bin/../lib/gcc/arm-none-eabi/9.3.1/../../../../arm-none-eabi/lib/thumb/v6-m/nofp\libc_nano.a(lib_a-findfp.o)
                0x0000000008006c68                __sf_fake_stdin
 .rodata.__sf_fake_stdout
                0x0000000008006c88       0x20 c:/st/stm32cubeide_1.6.1/stm32cubeide/plugins/com.st.stm32cube.ide.mcu.externaltools.gnu-tools-for-stm32.9-2020-q2-update.win32_1.5.0.202011040924/tools/bin/../lib/gcc/arm-none-eabi/9.3.1/../../../../arm-none-eabi/lib/thumb/v6-m/nofp\libc_nano.a(lib_a-findfp.o)
                0x0000000008006c88                __sf_fake_stdout
 .rodata._vfprintf_r.str1.1
                0x0000000008006ca8       0x11 c:/st/stm32cubeide_1.6.1/stm32cubeide/plugins/com.st.stm32cube.ide.mcu.externaltools.gnu-tools-for-stm32.9-2020-q2-update.win32_1.5.0.202011040924/tools/bin/../lib/gcc/arm-none-eabi/9.3.1/../../../../arm-none-eabi/lib/thumb/v6-m/nofp\libc_nano.a(lib_a-nano-vfprintf.o)
 .rodata._printf_i.str1.1
                0x0000000008006cb9       0x22 c:/st/stm32cubeide_1.6.1/stm32cubeide/plugins/com.st.stm32cube.ide.mcu.externaltools.gnu-tools-for-stm32.9-2020-q2-update.win32_1.5.0.202011040924/tools/bin/../lib/gcc/arm-none-eabi/9.3.1/../../../../arm-none-eabi/lib/thumb/v6-m/nofp\libc_nano.a(lib_a-nano-vfprintf_i.o)
                0x0000000008006cdc                . = ALIGN (0x4)
 *fill*         0x0000000008006cdb        0x1 

.ARM.extab      0x0000000008006cdc        0x0
                0x0000000008006cdc                . = ALIGN (0x4)
 *(.ARM.extab* .gnu.linkonce.armextab.*)
                0x0000000008006cdc                . = ALIGN (0x4)

.ARM            0x0000000008006cdc        0x8
                0x0000000008006cdc                . = ALIGN (0x4)
                0x0000000008006cdc                __exidx_start = .
 *(.ARM.exidx*)
 .ARM.exidx     0x0000000008006cdc        0x8 c:/st/stm32cubeide_1.6.1/stm32cubeide/plugins/com.st.stm32cube.ide.mcu.externaltools.gnu-tools-for-stm32.9-2020-q2-update.win32_1.5.0.202011040924/tools/bin/../lib/gcc/arm-none-eabi/9.3.1/thumb/v6-m/nofp\libgcc.a(_udivmoddi4.o)
                0x0000000008006ce4                __exidx_end = .
                0x0000000008006ce4                . = ALIGN (0x4)

.rel.dyn        0x0000000008006ce4        0x0
 .rel.iplt      0x0000000008006ce4        0x0 c:/st/stm32cubeide_1.6.1/stm32cubeide/plugins/com.st.stm32cube.ide.mcu.externaltools.gnu-tools-for-stm32.9-2020-q2-update.win32_1.5.0.202011040924/tools/bin/../lib/gcc/arm-none-eabi/9.3.1/thumb/v6-m/nofp/crtbegin.o

.preinit_array  0x0000000008006ce4        0x0
                0x0000000008006ce4                . = ALIGN (0x4)
                0x0000000008006ce4                PROVIDE (__preinit_array_start = .)
 *(.preinit_array*)
                0x0000000008006ce4                PROVIDE (__preinit_array_end = .)
                0x0000000008006ce4                . = ALIGN (0x4)

.init_array     0x0000000008006ce4        0x4
                0x0000000008006ce4                . = ALIGN (0x4)
                0x0000000008006ce4                PROVIDE (__init_array_start = .)
 *(SORT_BY_NAME(.init_array.*))
 *(.init_array*)
 .init_array    0x0000000008006ce4        0x4 c:/st/stm32cubeide_1.6.1/stm32cubeide/plugins/com.st.stm32cube.ide.mcu.externaltools.gnu-tools-for-stm32.9-2020-q2-update.win32_1.5.0.202011040924/tools/bin/../lib/gcc/arm-none-eabi/9.3.1/thumb/v6-m/nofp/crtbegin.o
                0x0000000008006ce8                PROVIDE (__init_array_end = .)
                0x0000000008006ce8                . = ALIGN (0x4)

.fini_array     0x0000000008006ce8        0x4
                0x0000000008006ce8                . = ALIGN (0x4)
                [!provide]                        PROVIDE (__fini_array_start = .)
 *(SORT_BY_NAME(.fini_array.*))
 *(.fini_array*)
 .fini_array    0x0000000008006ce8        0x4 c:/st/stm32cubeide_1.6.1/stm32cubeide/plugins/com.st.stm32cube.ide.mcu.externaltools.gnu-tools-for-stm32.9-2020-q2-update.win32_1.5.0.202011040924/tools/bin/../lib/gcc/arm-none-eabi/9.3.1/thumb/v6-m/nofp/crtbegin.o
                [!provide]                        PROVIDE (__fini_array_end = .)
                0x0000000008006cec                . = ALIGN (0x4)
                0x0000000008006cec                _sidata = LOADADDR (.data)

.data           0x0000000020000000      0x18c load address 0x0000000008006cec
                0x0000000020000000                . = ALIGN (0x4)
                0x0000000020000000                _sdata = .
 *(.data)
 .data          0x0000000020000000       0x80 ../ST_API/bin\ST_RETRIEVER_LIB_CM0+_GCC.a(retriever_api.o)
                0x0000000020000070                zeroIV
 *(.data*)
 .data.rtc_presc
                0x0000000020000080        0x2 Core/Src/rtc.o
 *fill*         0x0000000020000082        0x2 
 .data.SystemCoreClock
                0x0000000020000084        0x4 Core/Src/system_stm32l0xx.o
                0x0000000020000084                SystemCoreClock
 .data.st_manuf
                0x0000000020000088       0xa0 ST_API/src/rf_api.o
 .data._impure_ptr
                0x0000000020000128        0x4 c:/st/stm32cubeide_1.6.1/stm32cubeide/plugins/com.st.stm32cube.ide.mcu.externaltools.gnu-tools-for-stm32.9-2020-q2-update.win32_1.5.0.202011040924/tools/bin/../lib/gcc/arm-none-eabi/9.3.1/../../../../arm-none-eabi/lib/thumb/v6-m/nofp\libc_nano.a(lib_a-impure.o)
                0x0000000020000128                _impure_ptr
 .data.impure_data
                0x000000002000012c       0x60 c:/st/stm32cubeide_1.6.1/stm32cubeide/plugins/com.st.stm32cube.ide.mcu.externaltools.gnu-tools-for-stm32.9-2020-q2-update.win32_1.5.0.202011040924/tools/bin/../lib/gcc/arm-none-eabi/9.3.1/../../../../arm-none-eabi/lib/thumb/v6-m/nofp\libc_nano.a(lib_a-impure.o)
                0x000000002000018c                . = ALIGN (0x4)
                0x000000002000018c                _edata = .

.igot.plt       0x000000002000018c        0x0 load address 0x0000000008006e78
 .igot.plt      0x000000002000018c        0x0 c:/st/stm32cubeide_1.6.1/stm32cubeide/plugins/com.st.stm32cube.ide.mcu.externaltools.gnu-tools-for-stm32.9-2020-q2-update.win32_1.5.0.202011040924/tools/bin/../lib/gcc/arm-none-eabi/9.3.1/thumb/v6-m/nofp/crtbegin.o
                0x000000002000018c                . = ALIGN (0x4)

.bss            0x000000002000018c      0x570 load address 0x0000000008006e78
                0x000000002000018c                _sbss = .
                0x000000002000018c                __bss_start__ = _sbss
 *(.bss)
 .bss           0x000000002000018c       0x1c c:/st/stm32cubeide_1.6.1/stm32cubeide/plugins/com.st.stm32cube.ide.mcu.externaltools.gnu-tools-for-stm32.9-2020-q2-update.win32_1.5.0.202011040924/tools/bin/../lib/gcc/arm-none-eabi/9.3.1/thumb/v6-m/nofp/crtbegin.o
 .bss           0x00000000200001a8       0xb0 ../ST_API/bin\ST_RETRIEVER_LIB_CM0+_GCC.a(retriever_api.o)
 *(.bss*)
 .bss.s2lp_irq_raised
                0x0000000020000258        0x1 Core/Src/gpio.o
 *fill*         0x0000000020000259        0x3 
 .bss.next_rtc_wakeup
                0x000000002000025c        0x4 Core/Src/rtc.o
 .bss.rtc_in_use
                0x0000000020000260        0x1 Core/Src/rtc.o
 .bss.rtc_in_use_for_cs
                0x0000000020000261        0x1 Core/Src/rtc.o
 .bss.rtc_irq   0x0000000020000262        0x1 Core/Src/rtc.o
 .bss.rx_buff   0x0000000020000263       0x80 Core/Src/spi.o
 .bss.spi_in_use
                0x00000000200002e3        0x1 Core/Src/spi.o
 .bss.tx_buff   0x00000000200002e4       0x80 Core/Src/spi.o
 .bss.waiting_irq
                0x0000000020000364        0x1 Core/Src/spi.o
 *fill*         0x0000000020000365        0x3 
 .bss.n_intermediate_tim_irq
                0x0000000020000368        0x4 Core/Src/stm32l0xx_it.o
 .bss.heap_end.5222
                0x000000002000036c        0x4 Core/Src/sysmem.o
 .bss.n_intermediate_tim_irq
                0x0000000020000370        0x4 Core/Src/tim.o
 .bss.notify_end
                0x0000000020000374        0x1 Core/Src/tim.o
 .bss.tmp       0x0000000020000375        0x3 Drivers/S2LP_Middleware/STM32/src/FEM/S2LP_AUX_FEM_AUTO.o
                0x0000000020000375                tmp
 .bss._blockPointer
                0x0000000020000378        0x4 ST_API/src/nvm_api.o
 .bss._boardDataAddress
                0x000000002000037c        0x4 ST_API/src/nvm_api.o
 .bss._msgSq    0x0000000020000380        0x1 ST_API/src/nvm_api.o
 .bss._nvmType  0x0000000020000381        0x1 ST_API/src/nvm_api.o
 *fill*         0x0000000020000382        0x2 
 .bss._sfxDataAddress
                0x0000000020000384        0x4 ST_API/src/nvm_api.o
 .bss.__malloc_free_list
                0x0000000020000388        0x4 c:/st/stm32cubeide_1.6.1/stm32cubeide/plugins/com.st.stm32cube.ide.mcu.externaltools.gnu-tools-for-stm32.9-2020-q2-update.win32_1.5.0.202011040924/tools/bin/../lib/gcc/arm-none-eabi/9.3.1/../../../../arm-none-eabi/lib/thumb/v6-m/nofp\libc_nano.a(lib_a-nano-mallocr.o)
                0x0000000020000388                __malloc_free_list
 .bss.__malloc_sbrk_start
                0x000000002000038c        0x4 c:/st/stm32cubeide_1.6.1/stm32cubeide/plugins/com.st.stm32cube.ide.mcu.externaltools.gnu-tools-for-stm32.9-2020-q2-update.win32_1.5.0.202011040924/tools/bin/../lib/gcc/arm-none-eabi/9.3.1/../../../../arm-none-eabi/lib/thumb/v6-m/nofp\libc_nano.a(lib_a-nano-mallocr.o)
                0x000000002000038c                __malloc_sbrk_start
 *(COMMON)
 COMMON         0x0000000020000390       0x60 Core/Src/adc.o
                0x0000000020000390                Vdd
                0x0000000020000394                hadc
 COMMON         0x00000000200003f0        0xc Core/Src/main.o
                0x00000000200003f0                temp_byte2
                0x00000000200003f2                Temperature
                0x00000000200003f4                TEMP
                0x00000000200003f8                temp_byte1
                0x00000000200003f9                customer_data
 COMMON         0x00000000200003fc       0x24 Core/Src/rtc.o
                0x00000000200003fc                hrtc
 COMMON         0x0000000020000420       0xe8 Core/Src/spi.o
                0x0000000020000420                hspi1
                0x0000000020000478                hdma_spi1_rx
                0x00000000200004c0                hdma_spi1_tx
 COMMON         0x0000000020000508       0xb8 Core/Src/tim.o
                0x0000000020000508                htim6
                0x0000000020000544                htim2
                0x0000000020000580                rtcHandler
                0x0000000020000584                htim21
 COMMON         0x00000000200005c0      0x110 Core/Src/usart.o
                0x00000000200005c0                hdma_usart1_tx
                0x0000000020000608                hdma_usart1_rx
                0x0000000020000650                huart1
 COMMON         0x00000000200006d0        0x4 Drivers/STM32L0xx_HAL_Driver/Src/stm32l0xx_hal.o
                0x00000000200006d0                uwTick
 COMMON         0x00000000200006d4       0x18 Drivers/STM32L0xx_HAL_Driver/Src/stm32l0xx_hal_flash.o
                0x00000000200006d4                pFlash
 COMMON         0x00000000200006ec        0x9 c:/st/stm32cubeide_1.6.1/stm32cubeide/plugins/com.st.stm32cube.ide.mcu.externaltools.gnu-tools-for-stm32.9-2020-q2-update.win32_1.5.0.202011040924/tools/bin/../lib/gcc/arm-none-eabi/9.3.1/../../../../arm-none-eabi/lib/thumb/v6-m/nofp\libc_nano.a(lib_a-lock.o)
                0x00000000200006ec                __lock___atexit_recursive_mutex
                0x00000000200006ed                __lock___arc4random_mutex
                0x00000000200006ee                __lock___env_recursive_mutex
                0x00000000200006ef                __lock___sinit_recursive_mutex
                0x00000000200006f0                __lock___malloc_recursive_mutex
                0x00000000200006f1                __lock___at_quick_exit_mutex
                0x00000000200006f2                __lock___dd_hash_mutex
                0x00000000200006f3                __lock___tz_mutex
                0x00000000200006f4                __lock___sfp_recursive_mutex
 *fill*         0x00000000200006f5        0x3 
 COMMON         0x00000000200006f8        0x4 c:/st/stm32cubeide_1.6.1/stm32cubeide/plugins/com.st.stm32cube.ide.mcu.externaltools.gnu-tools-for-stm32.9-2020-q2-update.win32_1.5.0.202011040924/tools/bin/../lib/gcc/arm-none-eabi/9.3.1/../../../../arm-none-eabi/lib/thumb/v6-m/nofp\libc_nano.a(lib_a-reent.o)
                0x00000000200006f8                errno
                0x00000000200006fc                . = ALIGN (0x4)
                0x00000000200006fc                _ebss = .
                0x00000000200006fc                __bss_end__ = _ebss

._user_heap_stack
                0x00000000200006fc      0x604 load address 0x0000000008006e78
                0x0000000020000700                . = ALIGN (0x8)
 *fill*         0x00000000200006fc        0x4 
                0x0000000020000700                PROVIDE (end = .)
                [!provide]                        PROVIDE (_end = .)
                0x0000000020000900                . = (. + _Min_Heap_Size)
 *fill*         0x0000000020000700      0x200 
                0x0000000020000d00                . = (. + _Min_Stack_Size)
 *fill*         0x0000000020000900      0x400 
                0x0000000020000d00                . = ALIGN (0x8)

/DISCARD/
 libc.a(*)
 libm.a(*)
 libgcc.a(*)

.ARM.attributes
                0x0000000000000000       0x2e
 *(.ARM.attributes)
 .ARM.attributes
                0x0000000000000000       0x1e c:/st/stm32cubeide_1.6.1/stm32cubeide/plugins/com.st.stm32cube.ide.mcu.externaltools.gnu-tools-for-stm32.9-2020-q2-update.win32_1.5.0.202011040924/tools/bin/../lib/gcc/arm-none-eabi/9.3.1/thumb/v6-m/nofp/crti.o
 .ARM.attributes
                0x000000000000001e       0x2c c:/st/stm32cubeide_1.6.1/stm32cubeide/plugins/com.st.stm32cube.ide.mcu.externaltools.gnu-tools-for-stm32.9-2020-q2-update.win32_1.5.0.202011040924/tools/bin/../lib/gcc/arm-none-eabi/9.3.1/thumb/v6-m/nofp/crtbegin.o
 .ARM.attributes
                0x000000000000004a       0x2c Core/Src/ST_Sigfox_Init.o
 .ARM.attributes
                0x0000000000000076       0x2c Core/Src/adc.o
 .ARM.attributes
                0x00000000000000a2       0x2c Core/Src/dma.o
 .ARM.attributes
                0x00000000000000ce       0x2c Core/Src/gpio.o
 .ARM.attributes
                0x00000000000000fa       0x2c Core/Src/main.o
 .ARM.attributes
                0x0000000000000126       0x2c Core/Src/rtc.o
 .ARM.attributes
                0x0000000000000152       0x2c Core/Src/spi.o
 .ARM.attributes
                0x000000000000017e       0x2c Core/Src/stm32l0xx_hal_msp.o
 .ARM.attributes
                0x00000000000001aa       0x2c Core/Src/stm32l0xx_it.o
 .ARM.attributes
                0x00000000000001d6       0x2c Core/Src/syscalls.o
 .ARM.attributes
                0x0000000000000202       0x2c Core/Src/sysmem.o
 .ARM.attributes
                0x000000000000022e       0x2c Core/Src/system_stm32l0xx.o
 .ARM.attributes
                0x000000000000025a       0x2c Core/Src/tim.o
 .ARM.attributes
                0x0000000000000286       0x2c Core/Src/usart.o
 .ARM.attributes
                0x00000000000002b2       0x22 Core/Startup/startup_stm32l052t8yx.o
 .ARM.attributes
                0x00000000000002d4       0x2c Drivers/S2LP_Middleware/STM32/src/FEM/S2LP_AUX_FEM_AUTO.o
 .ARM.attributes
                0x0000000000000300       0x2c Drivers/S2LP_Middleware/STM32/src/S2LP_AUX_EEPROM.o
 .ARM.attributes
                0x000000000000032c       0x2c Drivers/STM32L0xx_HAL_Driver/Src/stm32l0xx_hal.o
 .ARM.attributes
                0x0000000000000358       0x2c Drivers/STM32L0xx_HAL_Driver/Src/stm32l0xx_hal_adc.o
 .ARM.attributes
                0x0000000000000384       0x2c Drivers/STM32L0xx_HAL_Driver/Src/stm32l0xx_hal_cortex.o
 .ARM.attributes
                0x00000000000003b0       0x2c Drivers/STM32L0xx_HAL_Driver/Src/stm32l0xx_hal_dma.o
 .ARM.attributes
                0x00000000000003dc       0x2c Drivers/STM32L0xx_HAL_Driver/Src/stm32l0xx_hal_flash.o
 .ARM.attributes
                0x0000000000000408       0x2c Drivers/STM32L0xx_HAL_Driver/Src/stm32l0xx_hal_flash_ex.o
 .ARM.attributes
                0x0000000000000434       0x2c Drivers/STM32L0xx_HAL_Driver/Src/stm32l0xx_hal_gpio.o
 .ARM.attributes
                0x0000000000000460       0x2c Drivers/STM32L0xx_HAL_Driver/Src/stm32l0xx_hal_pwr.o
 .ARM.attributes
                0x000000000000048c       0x2c Drivers/STM32L0xx_HAL_Driver/Src/stm32l0xx_hal_rcc.o
 .ARM.attributes
                0x00000000000004b8       0x2c Drivers/STM32L0xx_HAL_Driver/Src/stm32l0xx_hal_rcc_ex.o
 .ARM.attributes
                0x00000000000004e4       0x2c Drivers/STM32L0xx_HAL_Driver/Src/stm32l0xx_hal_rtc.o
 .ARM.attributes
                0x0000000000000510       0x2c Drivers/STM32L0xx_HAL_Driver/Src/stm32l0xx_hal_rtc_ex.o
 .ARM.attributes
                0x000000000000053c       0x2c Drivers/STM32L0xx_HAL_Driver/Src/stm32l0xx_hal_spi.o
 .ARM.attributes
                0x0000000000000568       0x2c Drivers/STM32L0xx_HAL_Driver/Src/stm32l0xx_hal_tim.o
 .ARM.attributes
                0x0000000000000594       0x2c Drivers/STM32L0xx_HAL_Driver/Src/stm32l0xx_hal_tim_ex.o
 .ARM.attributes
                0x00000000000005c0       0x2c Drivers/STM32L0xx_HAL_Driver/Src/stm32l0xx_hal_uart.o
 .ARM.attributes
                0x00000000000005ec       0x2c Drivers/Utils/STM32/src/SDK_UTILS_Flash.o
 .ARM.attributes
                0x0000000000000618       0x2c ST_API/src/nvm_api.o
 .ARM.attributes
                0x0000000000000644       0x2c ST_API/src/rf_api.o
 .ARM.attributes
                0x0000000000000670       0x51 ../ST_API/bin\ST_RETRIEVER_LIB_CM0+_GCC.a(retriever_api.o)
 .ARM.attributes
                0x00000000000006c1       0x2c c:/st/stm32cubeide_1.6.1/stm32cubeide/plugins/com.st.stm32cube.ide.mcu.externaltools.gnu-tools-for-stm32.9-2020-q2-update.win32_1.5.0.202011040924/tools/bin/../lib/gcc/arm-none-eabi/9.3.1/../../../../arm-none-eabi/lib/thumb/v6-m/nofp\libc_nano.a(lib_a-aeabi_memclr.o)
 .ARM.attributes
                0x00000000000006ed       0x2c c:/st/stm32cubeide_1.6.1/stm32cubeide/plugins/com.st.stm32cube.ide.mcu.externaltools.gnu-tools-for-stm32.9-2020-q2-update.win32_1.5.0.202011040924/tools/bin/../lib/gcc/arm-none-eabi/9.3.1/../../../../arm-none-eabi/lib/thumb/v6-m/nofp\libc_nano.a(lib_a-aeabi_memcpy.o)
 .ARM.attributes
                0x0000000000000719       0x2c c:/st/stm32cubeide_1.6.1/stm32cubeide/plugins/com.st.stm32cube.ide.mcu.externaltools.gnu-tools-for-stm32.9-2020-q2-update.win32_1.5.0.202011040924/tools/bin/../lib/gcc/arm-none-eabi/9.3.1/../../../../arm-none-eabi/lib/thumb/v6-m/nofp\libc_nano.a(lib_a-aeabi_memset.o)
 .ARM.attributes
                0x0000000000000745       0x2c c:/st/stm32cubeide_1.6.1/stm32cubeide/plugins/com.st.stm32cube.ide.mcu.externaltools.gnu-tools-for-stm32.9-2020-q2-update.win32_1.5.0.202011040924/tools/bin/../lib/gcc/arm-none-eabi/9.3.1/../../../../arm-none-eabi/lib/thumb/v6-m/nofp\libc_nano.a(lib_a-errno.o)
 .ARM.attributes
                0x0000000000000771       0x2c c:/st/stm32cubeide_1.6.1/stm32cubeide/plugins/com.st.stm32cube.ide.mcu.externaltools.gnu-tools-for-stm32.9-2020-q2-update.win32_1.5.0.202011040924/tools/bin/../lib/gcc/arm-none-eabi/9.3.1/../../../../arm-none-eabi/lib/thumb/v6-m/nofp\libc_nano.a(lib_a-impure.o)
 .ARM.attributes
                0x000000000000079d       0x2c c:/st/stm32cubeide_1.6.1/stm32cubeide/plugins/com.st.stm32cube.ide.mcu.externaltools.gnu-tools-for-stm32.9-2020-q2-update.win32_1.5.0.202011040924/tools/bin/../lib/gcc/arm-none-eabi/9.3.1/../../../../arm-none-eabi/lib/thumb/v6-m/nofp\libc_nano.a(lib_a-init.o)
 .ARM.attributes
                0x00000000000007c9       0x2c c:/st/stm32cubeide_1.6.1/stm32cubeide/plugins/com.st.stm32cube.ide.mcu.externaltools.gnu-tools-for-stm32.9-2020-q2-update.win32_1.5.0.202011040924/tools/bin/../lib/gcc/arm-none-eabi/9.3.1/../../../../arm-none-eabi/lib/thumb/v6-m/nofp\libc_nano.a(lib_a-memcpy-stub.o)
 .ARM.attributes
                0x00000000000007f5       0x2c c:/st/stm32cubeide_1.6.1/stm32cubeide/plugins/com.st.stm32cube.ide.mcu.externaltools.gnu-tools-for-stm32.9-2020-q2-update.win32_1.5.0.202011040924/tools/bin/../lib/gcc/arm-none-eabi/9.3.1/../../../../arm-none-eabi/lib/thumb/v6-m/nofp\libc_nano.a(lib_a-memset.o)
 .ARM.attributes
                0x0000000000000821       0x2c c:/st/stm32cubeide_1.6.1/stm32cubeide/plugins/com.st.stm32cube.ide.mcu.externaltools.gnu-tools-for-stm32.9-2020-q2-update.win32_1.5.0.202011040924/tools/bin/../lib/gcc/arm-none-eabi/9.3.1/../../../../arm-none-eabi/lib/thumb/v6-m/nofp\libc_nano.a(lib_a-printf.o)
 .ARM.attributes
                0x000000000000084d       0x2c c:/st/stm32cubeide_1.6.1/stm32cubeide/plugins/com.st.stm32cube.ide.mcu.externaltools.gnu-tools-for-stm32.9-2020-q2-update.win32_1.5.0.202011040924/tools/bin/../lib/gcc/arm-none-eabi/9.3.1/../../../../arm-none-eabi/lib/thumb/v6-m/nofp\libc_nano.a(lib_a-putchar.o)
 .ARM.attributes
                0x0000000000000879       0x2c c:/st/stm32cubeide_1.6.1/stm32cubeide/plugins/com.st.stm32cube.ide.mcu.externaltools.gnu-tools-for-stm32.9-2020-q2-update.win32_1.5.0.202011040924/tools/bin/../lib/gcc/arm-none-eabi/9.3.1/../../../../arm-none-eabi/lib/thumb/v6-m/nofp\libc_nano.a(lib_a-puts.o)
 .ARM.attributes