gpio.c:46:6:MX_GPIO_Init	56	static
gpio.c:161:6:S2LPShutdownEnter	8	static
gpio.c:167:6:S2LPShutdownInit	32	static
gpio.c:185:6:S2LPShutdownExit	16	static
gpio.c:193:9:S2LPShutdownCheck	8	static
gpio.c:199:6:ST_MCU_API_Shutdown	8	static
gpio.c:211:6:S2LPIRQInit	72	static
gpio.c:235:6:S2LPIRQEnable	48	static
gpio.c:265:6:ST_MCU_API_GpioIRQ	16	static
gpio.c:273:6:ST_MCU_API_LowPower	0	static
gpio.c:278:6:setLowPowerFlag	0	static
gpio.c:282:9:getLowPowerFlag	0	static
gpio.c:286:6:HT_GPIO_UserButtonHandler	8	static
gpio.c:301:6:HAL_GPIO_EXTI_Callback	8	static
gpio.c:316:6:setS2lpIrqRaisedFlag	0	static
gpio.c:320:9:getS2lpIrqRaisedFlag	0	static
gpio.c:324:6:Set_Pin_Output	40	static
gpio.c:332:6:Set_Pin_Input	40	static
