stm32l0xx_it.c:83:6:NMI_Handler	0	static
stm32l0xx_it.c:96:6:HardFault_Handler	0	static
stm32l0xx_it.c:111:6:SVC_Handler	0	static
stm32l0xx_it.c:124:6:PendSV_Handler	0	static
stm32l0xx_it.c:137:6:SysTick_Handler	8	static
stm32l0xx_it.c:158:6:RTC_IRQHandler	8	static
stm32l0xx_it.c:208:6:EXTI2_3_IRQHandler	8	static
stm32l0xx_it.c:222:6:EXTI4_15_IRQHandler	8	static
stm32l0xx_it.c:236:6:DMA1_Channel2_3_IRQHandler	8	static
stm32l0xx_it.c:251:6:DMA1_Channel4_5_6_7_IRQHandler	8	static
stm32l0xx_it.c:266:6:ADC1_COMP_IRQHandler	8	static
stm32l0xx_it.c:280:6:TIM21_IRQHandler	8	static
