tim.c:53:6:MX_TIM2_Init	32	static
tim.c:82:6:MX_TIM6_Init	24	static
tim.c:104:6:MX_TIM21_Init	32	static
tim.c:133:6:HAL_TIM_Base_MspInit	8	static
tim.c:175:6:HAL_TIM_Base_MspDeInit	8	static
tim.c:225:6:SdkEvalTimersFindFactors	40	static
tim.c:263:6:SdkEvalTimersTimConfig	16	static
tim.c:298:6:ST_MCU_API_TimerCalibration	80	static
tim.c:329:8:MCU_API_timer_start_carrier_sense	32	static
tim.c:377:8:MCU_API_timer_start	16	static
tim.c:416:8:MCU_API_timer_stop	8	static
tim.c:425:8:MCU_API_timer_stop_carrier_sense	8	static
tim.c:460:6:ST_MCU_API_WaitForInterrupt	8	static
tim.c:446:8:MCU_API_timer_wait_for_end	8	static
tim.c:484:6:setNotifyEndFlag	0	static
tim.c:488:6:setNIntermediateTimIrqFlag	0	static
tim.c:493:9:getNotifyEndFlag	0	static
tim.c:497:10:getNIntermediateTimIrqFlag	0	static
